Archive member included because of file (symbol)

d:/altera/13.0/nios2eds/bin/gnu/h-i686-mingw32/bin/../lib/gcc/nios2-elf/4.1.2/../../../../nios2-elf/lib\libc.a(lib_a-putchar.o)
                              obj/default/hello_world.o (putchar)
d:/altera/13.0/nios2eds/bin/gnu/h-i686-mingw32/bin/../lib/gcc/nios2-elf/4.1.2/../../../../nios2-elf/lib\libc.a(lib_a-puts.o)
                              obj/default/hello_world.o (puts)
d:/altera/13.0/nios2eds/bin/gnu/h-i686-mingw32/bin/../lib/gcc/nios2-elf/4.1.2/../../../../nios2-elf/lib\libc.a(lib_a-strlen.o)
                              d:/altera/13.0/nios2eds/bin/gnu/h-i686-mingw32/bin/../lib/gcc/nios2-elf/4.1.2/../../../../nios2-elf/lib\libc.a(lib_a-puts.o) (strlen)
d:/altera/13.0/nios2eds/bin/gnu/h-i686-mingw32/bin/../lib/gcc/nios2-elf/4.1.2/../../../../nios2-elf/lib\libc.a(lib_a-fvwrite.o)
                              d:/altera/13.0/nios2eds/bin/gnu/h-i686-mingw32/bin/../lib/gcc/nios2-elf/4.1.2/../../../../nios2-elf/lib\libc.a(lib_a-puts.o) (__sfvwrite_r)
d:/altera/13.0/nios2eds/bin/gnu/h-i686-mingw32/bin/../lib/gcc/nios2-elf/4.1.2/../../../../nios2-elf/lib\libc.a(lib_a-impure.o)
                              d:/altera/13.0/nios2eds/bin/gnu/h-i686-mingw32/bin/../lib/gcc/nios2-elf/4.1.2/../../../../nios2-elf/lib\libc.a(lib_a-putchar.o) (_impure_ptr)
d:/altera/13.0/nios2eds/bin/gnu/h-i686-mingw32/bin/../lib/gcc/nios2-elf/4.1.2/../../../../nios2-elf/lib\libc.a(lib_a-mallocr.o)
                              d:/altera/13.0/nios2eds/bin/gnu/h-i686-mingw32/bin/../lib/gcc/nios2-elf/4.1.2/../../../../nios2-elf/lib\libc.a(lib_a-fvwrite.o) (_malloc_r)
d:/altera/13.0/nios2eds/bin/gnu/h-i686-mingw32/bin/../lib/gcc/nios2-elf/4.1.2/../../../../nios2-elf/lib\libc.a(lib_a-memchr.o)
                              d:/altera/13.0/nios2eds/bin/gnu/h-i686-mingw32/bin/../lib/gcc/nios2-elf/4.1.2/../../../../nios2-elf/lib\libc.a(lib_a-fvwrite.o) (memchr)
d:/altera/13.0/nios2eds/bin/gnu/h-i686-mingw32/bin/../lib/gcc/nios2-elf/4.1.2/../../../../nios2-elf/lib\libc.a(lib_a-memcpy.o)
                              d:/altera/13.0/nios2eds/bin/gnu/h-i686-mingw32/bin/../lib/gcc/nios2-elf/4.1.2/../../../../nios2-elf/lib\libc.a(lib_a-fvwrite.o) (memcpy)
d:/altera/13.0/nios2eds/bin/gnu/h-i686-mingw32/bin/../lib/gcc/nios2-elf/4.1.2/../../../../nios2-elf/lib\libc.a(lib_a-memmove.o)
                              d:/altera/13.0/nios2eds/bin/gnu/h-i686-mingw32/bin/../lib/gcc/nios2-elf/4.1.2/../../../../nios2-elf/lib\libc.a(lib_a-fvwrite.o) (memmove)
d:/altera/13.0/nios2eds/bin/gnu/h-i686-mingw32/bin/../lib/gcc/nios2-elf/4.1.2/../../../../nios2-elf/lib\libc.a(lib_a-putc.o)
                              d:/altera/13.0/nios2eds/bin/gnu/h-i686-mingw32/bin/../lib/gcc/nios2-elf/4.1.2/../../../../nios2-elf/lib\libc.a(lib_a-putchar.o) (_putc_r)
d:/altera/13.0/nios2eds/bin/gnu/h-i686-mingw32/bin/../lib/gcc/nios2-elf/4.1.2/../../../../nios2-elf/lib\libc.a(lib_a-reallocr.o)
                              d:/altera/13.0/nios2eds/bin/gnu/h-i686-mingw32/bin/../lib/gcc/nios2-elf/4.1.2/../../../../nios2-elf/lib\libc.a(lib_a-fvwrite.o) (_realloc_r)
d:/altera/13.0/nios2eds/bin/gnu/h-i686-mingw32/bin/../lib/gcc/nios2-elf/4.1.2/../../../../nios2-elf/lib\libc.a(lib_a-sbrkr.o)
                              d:/altera/13.0/nios2eds/bin/gnu/h-i686-mingw32/bin/../lib/gcc/nios2-elf/4.1.2/../../../../nios2-elf/lib\libc.a(lib_a-mallocr.o) (_sbrk_r)
d:/altera/13.0/nios2eds/bin/gnu/h-i686-mingw32/bin/../lib/gcc/nios2-elf/4.1.2/../../../../nios2-elf/lib\libc.a(lib_a-wbuf.o)
                              d:/altera/13.0/nios2eds/bin/gnu/h-i686-mingw32/bin/../lib/gcc/nios2-elf/4.1.2/../../../../nios2-elf/lib\libc.a(lib_a-putc.o) (__swbuf_r)
d:/altera/13.0/nios2eds/bin/gnu/h-i686-mingw32/bin/../lib/gcc/nios2-elf/4.1.2/../../../../nios2-elf/lib\libc.a(lib_a-wsetup.o)
                              d:/altera/13.0/nios2eds/bin/gnu/h-i686-mingw32/bin/../lib/gcc/nios2-elf/4.1.2/../../../../nios2-elf/lib\libc.a(lib_a-fvwrite.o) (__swsetup_r)
d:/altera/13.0/nios2eds/bin/gnu/h-i686-mingw32/bin/../lib/gcc/nios2-elf/4.1.2/../../../../nios2-elf/lib\libc.a(lib_a-fflush.o)
                              d:/altera/13.0/nios2eds/bin/gnu/h-i686-mingw32/bin/../lib/gcc/nios2-elf/4.1.2/../../../../nios2-elf/lib\libc.a(lib_a-fvwrite.o) (_fflush_r)
d:/altera/13.0/nios2eds/bin/gnu/h-i686-mingw32/bin/../lib/gcc/nios2-elf/4.1.2/../../../../nios2-elf/lib\libc.a(lib_a-findfp.o)
                              d:/altera/13.0/nios2eds/bin/gnu/h-i686-mingw32/bin/../lib/gcc/nios2-elf/4.1.2/../../../../nios2-elf/lib\libc.a(lib_a-putc.o) (__sinit)
d:/altera/13.0/nios2eds/bin/gnu/h-i686-mingw32/bin/../lib/gcc/nios2-elf/4.1.2/../../../../nios2-elf/lib\libc.a(lib_a-freer.o)
                              d:/altera/13.0/nios2eds/bin/gnu/h-i686-mingw32/bin/../lib/gcc/nios2-elf/4.1.2/../../../../nios2-elf/lib\libc.a(lib_a-fvwrite.o) (_free_r)
[...]
Memory Configuration

Name             Origin             Length             Attributes
reset            0x00800000         0x00000020
sdram_controller 0x00800020         0x007fffe0
*default*        0x00000000         0xffffffff

Linker script and memory map

LOAD ../test_hello_bsp//obj/HAL/src/crt0.o
LOAD obj/default/hello_world.o
LOAD d:/altera/13.0/nios2eds/bin/gnu/h-i686-mingw32/bin/../lib/gcc/nios2-elf/4.1.2/../../../../nios2-elf/lib\libstdc++.a
LOAD d:/altera/13.0/nios2eds/bin/gnu/h-i686-mingw32/bin/../lib/gcc/nios2-elf/4.1.2/../../../../nios2-elf/lib\libm.a
LOAD d:/altera/13.0/nios2eds/bin/gnu/h-i686-mingw32/bin/../lib/gcc/nios2-elf/4.1.2\libgcc.a
START GROUP
LOAD d:/altera/13.0/nios2eds/bin/gnu/h-i686-mingw32/bin/../lib/gcc/nios2-elf/4.1.2/../../../../nios2-elf/lib\libc.a
LOAD d:/altera/13.0/nios2eds/bin/gnu/h-i686-mingw32/bin/../lib/gcc/nios2-elf/4.1.2\libgcc.a
LOAD ../test_hello_bsp/\libhal_bsp.a
END GROUP
LOAD d:/altera/13.0/nios2eds/bin/gnu/h-i686-mingw32/bin/../lib/gcc/nios2-elf/4.1.2\libgcc.a
                0x00800000                __alt_mem_sdram_controller = 0x800000

.entry          0x00800000       0x20
 *(.entry)
 .entry         0x00800000       0x20 ../test_hello_bsp//obj/HAL/src/crt0.o
                0x00800000                __reset

.exceptions     0x00800020      0x194
                0x00800020                PROVIDE (__ram_exceptions_start, ABSOLUTE (.))
                0x00800020                . = ALIGN (0x20)
 *(.irq)
 *(.exceptions.entry.label)
 .exceptions.entry.label
                0x00800020        0x0 ../test_hello_bsp/\libhal_bsp.a(alt_irq_entry.o)
                0x00800020                alt_irq_entry
 .exceptions.entry.label
                0x00800020        0x0 ../test_hello_bsp/\libhal_bsp.a(alt_exception_entry.o)
                0x00800020                alt_exception
 *(.exceptions.entry.user)
 *(.exceptions.entry)
 .exceptions.entry
                0x00800020       0x54 ../test_hello_bsp/\libhal_bsp.a(alt_exception_entry.o)
 *(.exceptions.irqtest.user)
 *(.exceptions.irqtest)
 .exceptions.irqtest
                0x00800074       0x10 ../test_hello_bsp/\libhal_bsp.a(alt_irq_entry.o)
 *(.exceptions.irqhandler.user)
 *(.exceptions.irqhandler)
 .exceptions.irqhandler
                0x00800084        0x4 ../test_hello_bsp/\libhal_bsp.a(alt_irq_entry.o)
 *(.exceptions.irqreturn.user)
 *(.exceptions.irqreturn)
 .exceptions.irqreturn
                0x00800088        0x4 ../test_hello_bsp/\libhal_bsp.a(alt_irq_entry.o)
 *(.exceptions.notirq.label)
 .exceptions.notirq.label
                0x0080008c        0x0 ../test_hello_bsp/\libhal_bsp.a(alt_irq_entry.o)
 *(.exceptions.notirq.user)
 *(.exceptions.notirq)
 .exceptions.notirq
                0x0080008c        0x8 ../test_hello_bsp/\libhal_bsp.a(alt_exception_entry.o)
 *(.exceptions.soft.user)
 *(.exceptions.soft)
 *(.exceptions.unknown.user)
 *(.exceptions.unknown)
 .exceptions.unknown
                0x00800094        0x4 ../test_hello_bsp/\libhal_bsp.a(alt_exception_entry.o)
 *(.exceptions.exit.label)
 .exceptions.exit.label
                0x00800098        0x0 ../test_hello_bsp/\libhal_bsp.a(alt_irq_entry.o)
 .exceptions.exit.label
                0x00800098        0x0 ../test_hello_bsp/\libhal_bsp.a(alt_exception_entry.o)
 *(.exceptions.exit.user)
 *(.exceptions.exit)
 .exceptions.exit
                0x00800098       0x54 ../test_hello_bsp/\libhal_bsp.a(alt_exception_entry.o)
 *(.exceptions)
 .exceptions    0x008000ec       0xc8 ../test_hello_bsp/\libhal_bsp.a(alt_irq_handler.o)
                0x008000ec                alt_irq_handler
                0x008001b4                PROVIDE (__ram_exceptions_end, ABSOLUTE (.))
                0x00800020                PROVIDE (__flash_exceptions_start, LOADADDR (.exceptions))

.text           0x008001b4     0x6628
                0x008001b4                PROVIDE (stext, ABSOLUTE (.))
 *(.interp)
 *(.hash)
 *(.dynsym)
 *(.dynstr)
 *(.gnu.version)
 *(.gnu.version_d)
 *(.gnu.version_r)
 *(.rel.init)
 *(.rela.init)
 *(.rel.text .rel.text.* .rel.gnu.linkonce.t.*)
 *(.rela.text .rela.text.* .rela.gnu.linkonce.t.*)
 *(.rel.fini)
 *(.rela.fini)
 *(.rel.rodata .rel.rodata.* .rel.gnu.linkonce.r.*)
 *(.rela.rodata .rela.rodata.* .rela.gnu.linkonce.r.*)
 *(.rel.data .rel.data.* .rel.gnu.linkonce.d.*)
 *(.rela.data .rela.data.* .rela.gnu.linkonce.d.*)
 *(.rel.tdata .rel.tdata.* .rel.gnu.linkonce.td.*)
 *(.rela.tdata .rela.tdata.* .rela.gnu.linkonce.td.*)
 *(.rel.tbss .rel.tbss.* .rel.gnu.linkonce.tb.*)
 *(.rela.tbss .rela.tbss.* .rela.gnu.linkonce.tb.*)
 *(.rel.ctors)
 *(.rela.ctors)
 *(.rel.dtors)
 *(.rela.dtors)
 *(.rel.got)
 *(.rela.got)
 *(.rel.sdata .rel.sdata.* .rel.gnu.linkonce.s.*)
 *(.rela.sdata .rela.sdata.* .rela.gnu.linkonce.s.*)
 *(.rel.sbss .rel.sbss.* .rel.gnu.linkonce.sb.*)
 *(.rela.sbss .rela.sbss.* .rela.gnu.linkonce.sb.*)
 *(.rel.sdata2 .rel.sdata2.* .rel.gnu.linkonce.s2.*)
 *(.rela.sdata2 .rela.sdata2.* .rela.gnu.linkonce.s2.*)
 *(.rel.sbss2 .rel.sbss2.* .rel.gnu.linkonce.sb2.*)
 *(.rela.sbss2 .rela.sbss2.* .rela.gnu.linkonce.sb2.*)
 *(.rel.bss .rel.bss.* .rel.gnu.linkonce.b.*)
 *(.rela.bss .rela.bss.* .rela.gnu.linkonce.b.*)
 *(.rel.plt)
 *(.rela.plt)
 *(.rel.dyn)
 *(.init)
 *(.plt)
 *(.text .stub .text.* .gnu.linkonce.t.*)
 .text          0x008001b4       0x4c ../test_hello_bsp//obj/HAL/src/crt0.o
                0x008001b4                _start
 .text          0x00800200      0x1a0 obj/default/hello_world.o
                0x00800200                Uart_send
                0x00800264                Uart_send_n
                0x008002c8                Uart_ISR
                0x0080030c                Uart_init
                0x00800360                main
 .text          0x008003a0       0x24 d:/altera/13.0/nios2eds/bin/gnu/h-i686-mingw32/bin/../lib/gcc/nios2-elf/4.1.2/../../../../nios2-elf/lib\libc.a(lib_a-putchar.o)
                0x008003a0                putchar
                0x008003bc                _putchar_r
 .text          0x008003c4       0xb4 d:/altera/13.0/nios2eds/bin/gnu/h-i686-mingw32/bin/../lib/gcc/nios2-elf/4.1.2/../../../../nios2-elf/lib\libc.a(lib_a-puts.o)
                0x008003c4                _puts_r
                0x00800464                puts
 .text          0x00800478       0x74 d:/altera/13.0/nios2eds/bin/gnu/h-i686-mingw32/bin/../lib/gcc/nios2-elf/4.1.2/../../../../nios2-elf/lib\libc.a(lib_a-strlen.o)
                0x00800478                strlen
 .text          0x008004ec      0x49c d:/altera/13.0/nios2eds/bin/gnu/h-i686-mingw32/bin/../lib/gcc/nios2-elf/4.1.2/../../../../nios2-elf/lib\libc.a(lib_a-fvwrite.o)
                0x008004ec                __sfvwrite_r
 .text          0x00800988        0x0 d:/altera/13.0/nios2eds/bin/gnu/h-i686-mingw32/bin/../lib/gcc/nios2-elf/4.1.2/../../../../nios2-elf/lib\libc.a(lib_a-impure.o)
 .text          0x00800988      0x740 d:/altera/13.0/nios2eds/bin/gnu/h-i686-mingw32/bin/../lib/gcc/nios2-elf/4.1.2/../../../../nios2-elf/lib\libc.a(lib_a-mallocr.o)
                0x00800988                _malloc_r
 .text          0x008010c8       0xe4 d:/altera/13.0/nios2eds/bin/gnu/h-i686-mingw32/bin/../lib/gcc/nios2-elf/4.1.2/../../../../nios2-elf/lib\libc.a(lib_a-memchr.o)
                0x008010c8                memchr
 .text          0x008011ac       0xa0 d:/altera/13.0/nios2eds/bin/gnu/h-i686-mingw32/bin/../lib/gcc/nios2-elf/4.1.2/../../../../nios2-elf/lib\libc.a(lib_a-memcpy.o)
                0x008011ac                memcpy
 .text          0x0080124c       0xe0 d:/altera/13.0/nios2eds/bin/gnu/h-i686-mingw32/bin/../lib/gcc/nios2-elf/4.1.2/../../../../nios2-elf/lib\libc.a(lib_a-memmove.o)
                0x0080124c                memmove
 .text          0x0080132c      0x1ec d:/altera/13.0/nios2eds/bin/gnu/h-i686-mingw32/bin/../lib/gcc/nios2-elf/4.1.2/../../../../nios2-elf/lib\libc.a(lib_a-putc.o)
                0x0080132c                putc
                0x00801430                _putc_r
 .text          0x00801518      0x5f4 d:/altera/13.0/nios2eds/bin/gnu/h-i686-mingw32/bin/../lib/gcc/nios2-elf/4.1.2/../../../../nios2-elf/lib\libc.a(lib_a-reallocr.o)
                0x00801518                _realloc_r
 .text          0x00801b0c       0x70 d:/altera/13.0/nios2eds/bin/gnu/h-i686-mingw32/bin/../lib/gcc/nios2-elf/4.1.2/../../../../nios2-elf/lib\libc.a(lib_a-sbrkr.o)
                0x00801b0c                _sbrk_r
 .text          0x00801b7c      0x14c d:/altera/13.0/nios2eds/bin/gnu/h-i686-mingw32/bin/../lib/gcc/nios2-elf/4.1.2/../../../../nios2-elf/lib\libc.a(lib_a-wbuf.o)
                0x00801b7c                __swbuf_r
                0x00801cac                __swbuf
 .text          0x00801cc8      0x13c d:/altera/13.0/nios2eds/bin/gnu/h-i686-mingw32/bin/../lib/gcc/nios2-elf/4.1.2/../../../../nios2-elf/lib\libc.a(lib_a-wsetup.o)
                0x00801cc8                __swsetup_r
 .text          0x00801e04      0x230 d:/altera/13.0/nios2eds/bin/gnu/h-i686-mingw32/bin/../lib/gcc/nios2-elf/4.1.2/../../../../nios2-elf/lib\libc.a(lib_a-fflush.o)
                0x00801e04                _fflush_r
                0x00802000                fflush
 .text          0x00802034      0x2c0 d:/altera/13.0/nios2eds/bin/gnu/h-i686-mingw32/bin/../lib/gcc/nios2-elf/4.1.2/../../../../nios2-elf/lib\libc.a(lib_a-findfp.o)
                0x0080208c                __sfp_lock_acquire
                0x00802090                __sfp_lock_release
                0x00802094                __sinit_lock_acquire
                0x00802098                __sinit_lock_release
                0x0080209c                __sinit
                0x00802150                __fp_unlock_all
                0x00802168                __fp_lock_all
                0x00802180                _cleanup_r
                0x0080218c                _cleanup
                0x0080219c                __sfmoreglue
                0x00802204                __sfp
 .text          0x008022f4      0x440 d:/altera/13.0/nios2eds/bin/gnu/h-i686-mingw32/bin/../lib/gcc/nios2-elf/4.1.2/../../../../nios2-elf/lib\libc.a(lib_a-freer.o)
                0x008022f4                _malloc_trim_r
                0x00802420                _free_r
 .text          0x00802734      0x180 d:/altera/13.0/nios2eds/bin/gnu/h-i686-mingw32/bin/../lib/gcc/nios2-elf/4.1.2/../../../../nios2-elf/lib\libc.a(lib_a-fwalk.o)
                0x00802734                _fwalk_reent
                0x008027fc                _fwalk
 .text          0x008028b4        0x0 d:/altera/13.0/nios2eds/bin/gnu/h-i686-mingw32/bin/../lib/gcc/nios2-elf/4.1.2/../../../../nios2-elf/lib\libc.a(lib_a-int_errno.o)
 .text          0x008028b4      0x194 d:/altera/13.0/nios2eds/bin/gnu/h-i686-mingw32/bin/../lib/gcc/nios2-elf/4.1.2/../../../../nios2-elf/lib\libc.a(lib_a-makebuf.o)
                0x008028b4                __smakebuf_r
 .text          0x00802a48       0x98 d:/altera/13.0/nios2eds/bin/gnu/h-i686-mingw32/bin/../lib/gcc/nios2-elf/4.1.2/../../../../nios2-elf/lib\libc.a(lib_a-memset.o)
                0x00802a48                memset
 .text          0x00802ae0      0x14c d:/altera/13.0/nios2eds/bin/gnu/h-i686-mingw32/bin/../lib/gcc/nios2-elf/4.1.2/../../../../nios2-elf/lib\libc.a(lib_a-stdio.o)
                0x00802ae0                __sclose
                0x00802ae8                __sseek
                0x00802b50                __swrite
                0x00802bcc                __sread
 .text          0x00802c2c       0x78 d:/altera/13.0/nios2eds/bin/gnu/h-i686-mingw32/bin/../lib/gcc/nios2-elf/4.1.2/../../../../nios2-elf/lib\libc.a(lib_a-writer.o)
                0x00802c2c                _write_r
 .text          0x00802ca4       0x70 d:/altera/13.0/nios2eds/bin/gnu/h-i686-mingw32/bin/../lib/gcc/nios2-elf/4.1.2/../../../../nios2-elf/lib\libc.a(lib_a-closer.o)
                0x00802ca4                _close_r
 .text          0x00802d14      0x124 d:/altera/13.0/nios2eds/bin/gnu/h-i686-mingw32/bin/../lib/gcc/nios2-elf/4.1.2/../../../../nios2-elf/lib\libc.a(lib_a-fclose.o)
                0x00802d14                _fclose_r
                0x00802e24                fclose
 .text          0x00802e38       0x74 d:/altera/13.0/nios2eds/bin/gnu/h-i686-mingw32/bin/../lib/gcc/nios2-elf/4.1.2/../../../../nios2-elf/lib\libc.a(lib_a-fstatr.o)
                0x00802e38                _fstat_r
 .text          0x00802eac       0x70 d:/altera/13.0/nios2eds/bin/gnu/h-i686-mingw32/bin/../lib/gcc/nios2-elf/4.1.2/../../../../nios2-elf/lib\libc.a(lib_a-isattyr.o)
                0x00802eac                _isatty_r
 .text          0x00802f1c       0x78 d:/altera/13.0/nios2eds/bin/gnu/h-i686-mingw32/bin/../lib/gcc/nios2-elf/4.1.2/../../../../nios2-elf/lib\libc.a(lib_a-lseekr.o)
                0x00802f1c                _lseek_r
 .text          0x00802f94       0x78 d:/altera/13.0/nios2eds/bin/gnu/h-i686-mingw32/bin/../lib/gcc/nios2-elf/4.1.2/../../../../nios2-elf/lib\libc.a(lib_a-readr.o)
                0x00802f94                _read_r
 .text          0x0080300c      0x15c ../test_hello_bsp/\libhal_bsp.a(alt_close.o)
                0x0080300c                close
 .text          0x00803168       0x2c ../test_hello_bsp/\libhal_bsp.a(alt_dev.o)
 .text          0x00803194        0x0 ../test_hello_bsp/\libhal_bsp.a(alt_errno.o)
 .text          0x00803194      0x134 ../test_hello_bsp/\libhal_bsp.a(alt_fstat.o)
                0x00803194                fstat
 .text          0x008032c8      0x1c0 ../test_hello_bsp/\libhal_bsp.a(alt_irq_register.o)
                0x008032c8                alt_irq_register
 .text          0x00803488        0x0 ../test_hello_bsp/\libhal_bsp.a(alt_irq_vars.o)
 .text          0x00803488      0x120 ../test_hello_bsp/\libhal_bsp.a(alt_isatty.o)
                0x00803488                isatty
 .text          0x008035a8       0xec ../test_hello_bsp/\libhal_bsp.a(alt_load.o)
                0x008035a8                alt_load
 .text          0x00803694      0x150 ../test_hello_bsp/\libhal_bsp.a(alt_lseek.o)
                0x00803694                lseek
 .text          0x008037e4       0x6c ../test_hello_bsp/\libhal_bsp.a(alt_main.o)
                0x008037e4                alt_main
 .text          0x00803850       0x40 ../test_hello_bsp/\libhal_bsp.a(alt_malloc_lock.o)
                0x00803850                __malloc_lock
                0x00803870                __malloc_unlock
 .text          0x00803890      0x180 ../test_hello_bsp/\libhal_bsp.a(alt_read.o)
                0x00803890                read
 .text          0x00803a10       0x60 ../test_hello_bsp/\libhal_bsp.a(alt_release_fd.o)
                0x00803a10                alt_release_fd
 .text          0x00803a70       0xbc ../test_hello_bsp/\libhal_bsp.a(alt_sbrk.o)
                0x00803a70                sbrk
 .text          0x00803b2c       0x30 ../test_hello_bsp/\libhal_bsp.a(alt_usleep.o)
                0x00803b2c                usleep
 .text          0x00803b5c      0x180 ../test_hello_bsp/\libhal_bsp.a(alt_write.o)
                0x00803b5c                write
 .text          0x00803cdc       0xd0 ../test_hello_bsp/\libhal_bsp.a(alt_sys_init.o)
                0x00803cdc                alt_irq_init
                0x00803d10                alt_sys_init
 .text          0x00803dac      0x148 ../test_hello_bsp/\libhal_bsp.a(altera_avalon_jtag_uart_fd.o)
                0x00803dac                altera_avalon_jtag_uart_read_fd
                0x00803e04                altera_avalon_jtag_uart_write_fd
                0x00803e5c                altera_avalon_jtag_uart_close_fd
                0x00803ea4                altera_avalon_jtag_uart_ioctl_fd
 .text          0x00803ef4      0x40c ../test_hello_bsp/\libhal_bsp.a(altera_avalon_jtag_uart_init.o)
                0x00803ef4                altera_avalon_jtag_uart_init
                0x0080428c                altera_avalon_jtag_uart_close
 .text          0x00804300       0xf4 ../test_hello_bsp/\libhal_bsp.a(altera_avalon_jtag_uart_ioctl.o)
                0x00804300                altera_avalon_jtag_uart_ioctl
 .text          0x008043f4      0x224 ../test_hello_bsp/\libhal_bsp.a(altera_avalon_jtag_uart_read.o)
                0x008043f4                altera_avalon_jtag_uart_read
 .text          0x00804618      0x240 ../test_hello_bsp/\libhal_bsp.a(altera_avalon_jtag_uart_write.o)
                0x00804618                altera_avalon_jtag_uart_write
 .text          0x00804858       0xf8 ../test_hello_bsp/\libhal_bsp.a(altera_avalon_uart_fd.o)
                0x00804858                altera_avalon_uart_read_fd
                0x008048b0                altera_avalon_uart_write_fd
                0x00804908                altera_avalon_uart_close_fd
 .text          0x00804950      0x400 ../test_hello_bsp/\libhal_bsp.a(altera_avalon_uart_init.o)
                0x00804950                altera_avalon_uart_init
                0x00804cf0                altera_avalon_uart_close
 .text          0x00804d50      0x290 ../test_hello_bsp/\libhal_bsp.a(altera_avalon_uart_read.o)
                0x00804d50                altera_avalon_uart_read
 .text          0x00804fe0      0x228 ../test_hello_bsp/\libhal_bsp.a(altera_avalon_uart_write.o)
                0x00804fe0                altera_avalon_uart_write
 .text          0x00805208      0x154 ../test_hello_bsp/\libhal_bsp.a(alt_alarm_start.o)
                0x00805208                alt_alarm_start
 .text          0x0080535c      0x14c ../test_hello_bsp/\libhal_bsp.a(alt_busy_sleep.o)
                0x0080535c                alt_busy_sleep
 .text          0x008054a8       0x44 ../test_hello_bsp/\libhal_bsp.a(alt_dcache_flush_all.o)
                0x008054a8                alt_dcache_flush_all
 .text          0x008054ec      0x114 ../test_hello_bsp/\libhal_bsp.a(alt_dev_llist_insert.o)
                0x008054ec                alt_dev_llist_insert
 .text          0x00805600       0x64 ../test_hello_bsp/\libhal_bsp.a(alt_do_ctors.o)
                0x00805600                _do_ctors
 .text          0x00805664       0x64 ../test_hello_bsp/\libhal_bsp.a(alt_do_dtors.o)
                0x00805664                _do_dtors
 .text          0x008056c8       0x30 ../test_hello_bsp/\libhal_bsp.a(alt_icache_flush_all.o)
                0x008056c8                alt_icache_flush_all
 .text          0x008056f8      0x1d4 ../test_hello_bsp/\libhal_bsp.a(alt_iic.o)
                0x008056f8                alt_ic_isr_register
                0x00805748                alt_ic_irq_enable
                0x008057e4                alt_ic_irq_disable
                0x00805884                alt_ic_irq_enabled
 .text          0x008058cc       0xf8 ../test_hello_bsp/\libhal_bsp.a(alt_iic_isr_register.o)
                0x008058cc                alt_iic_isr_register
 .text          0x008059c4      0x13c ../test_hello_bsp/\libhal_bsp.a(alt_io_redirect.o)
                0x00805a88                alt_io_redirect
 .text          0x00805b00        0x0 ../test_hello_bsp/\libhal_bsp.a(alt_irq_entry.o)
 .text          0x00805b00        0x0 ../test_hello_bsp/\libhal_bsp.a(alt_irq_handler.o)
 .text          0x00805b00      0x2c4 ../test_hello_bsp/\libhal_bsp.a(alt_open.o)
                0x00805bdc                open
 .text          0x00805dc4      0x1a4 ../test_hello_bsp/\libhal_bsp.a(alt_tick.o)
                0x00805dc4                alt_alarm_stop
                0x00805e5c                alt_tick
 .text          0x00805f68       0x20 ../test_hello_bsp/\libhal_bsp.a(altera_nios2_qsys_irq.o)
                0x00805f68                altera_nios2_qsys_irq_init
 .text          0x00805f88        0x0 ../test_hello_bsp/\libhal_bsp.a(alt_exception_entry.o)
 .text          0x00805f88       0x94 ../test_hello_bsp/\libhal_bsp.a(alt_find_dev.o)
                0x00805f88                alt_find_dev
 .text          0x0080601c      0x120 ../test_hello_bsp/\libhal_bsp.a(alt_find_file.o)
                0x0080601c                alt_find_file
 .text          0x0080613c       0xb8 ../test_hello_bsp/\libhal_bsp.a(alt_get_fd.o)
                0x0080613c                alt_get_fd
 .text          0x008061f4       0x90 ../test_hello_bsp/\libhal_bsp.a(alt_icache_flush.o)
                0x008061f4                alt_icache_flush
 .text          0x00806284       0x14 d:/altera/13.0/nios2eds/bin/gnu/h-i686-mingw32/bin/../lib/gcc/nios2-elf/4.1.2/../../../../nios2-elf/lib\libc.a(lib_a-atexit.o)
                0x00806284                atexit
 .text          0x00806298       0x38 d:/altera/13.0/nios2eds/bin/gnu/h-i686-mingw32/bin/../lib/gcc/nios2-elf/4.1.2/../../../../nios2-elf/lib\libc.a(lib_a-exit.o)
                0x00806298                exit
 .text          0x008062d0       0x74 d:/altera/13.0/nios2eds/bin/gnu/h-i686-mingw32/bin/../lib/gcc/nios2-elf/4.1.2/../../../../nios2-elf/lib\libc.a(lib_a-memcmp.o)
                0x008062d0                memcmp
 .text          0x00806344      0x134 d:/altera/13.0/nios2eds/bin/gnu/h-i686-mingw32/bin/../lib/gcc/nios2-elf/4.1.2/../../../../nios2-elf/lib\libc.a(lib_a-__atexit.o)
                0x00806344                __register_exitproc
 .text          0x00806478      0x1b4 d:/altera/13.0/nios2eds/bin/gnu/h-i686-mingw32/bin/../lib/gcc/nios2-elf/4.1.2/../../../../nios2-elf/lib\libc.a(lib_a-__call_atexit.o)
                0x0080647c                __call_exitprocs
 .text          0x0080662c      0x14c d:/altera/13.0/nios2eds/bin/gnu/h-i686-mingw32/bin/../lib/gcc/nios2-elf/4.1.2\libgcc.a(lib2-divmod.o)
                0x008066a8                __divsi3
                0x00806708                __modsi3
                0x00806768                __udivsi3
                0x00806770                __umodsi3
 .text          0x00806778       0x60 ../test_hello_bsp/\libhal_bsp.a(alt_exit.o)
                0x008067b8                _exit
 *(.gnu.warning.*)
 *(.fini)
                0x008067d8                PROVIDE (__etext, ABSOLUTE (.))
                0x008067d8                PROVIDE (_etext, ABSOLUTE (.))
                0x008067d8                PROVIDE (etext, ABSOLUTE (.))
 *(.eh_frame_hdr)
                0x008067d8                . = ALIGN (0x4)
                0x008067d8                PROVIDE (__preinit_array_start, ABSOLUTE (.))
 *(.preinit_array)
                0x008067d8                PROVIDE (__preinit_array_end, ABSOLUTE (.))
                0x008067d8                PROVIDE (__init_array_start, ABSOLUTE (.))
 *(.init_array)
                0x008067d8                PROVIDE (__init_array_end, ABSOLUTE (.))
                0x008067d8                PROVIDE (__fini_array_start, ABSOLUTE (.))
 *(.fini_array)
                0x008067d8                PROVIDE (__fini_array_end, ABSOLUTE (.))
 *(.eh_frame)
 *(.gcc_except_table)
 *(.dynamic)
                0x008067d8                PROVIDE (__CTOR_LIST__, ABSOLUTE (.))
 *(.ctors)
 *(SORT(.ctors.*))
 .ctors.65535   0x008067d8        0x4 d:/altera/13.0/nios2eds/bin/gnu/h-i686-mingw32/bin/../lib/gcc/nios2-elf/4.1.2/../../../../nios2-elf/lib\libc.a(lib_a-__call_atexit.o)
                0x008067dc                PROVIDE (__CTOR_END__, ABSOLUTE (.))
                0x008067dc                PROVIDE (__DTOR_LIST__, ABSOLUTE (.))
 *(.dtors)
 *(SORT(.dtors.*))
                0x008067dc                PROVIDE (__DTOR_END__, ABSOLUTE (.))
 *(.jcr)
                0x008067dc                . = ALIGN (0x4)

.rodata         0x008067dc       0x5c
                0x008067dc                PROVIDE (__ram_rodata_start, ABSOLUTE (.))
                0x008067dc                . = ALIGN (0x4)
 *(.rodata .rodata.* .gnu.linkonce.r.*)
 .rodata        0x008067dc       0x1c obj/default/hello_world.o
 .rodata.str1.4
                0x008067f8        0x2 d:/altera/13.0/nios2eds/bin/gnu/h-i686-mingw32/bin/../lib/gcc/nios2-elf/4.1.2/../../../../nios2-elf/lib\libc.a(lib_a-puts.o)
                                  0x4 (size before relaxing)
 *fill*         0x008067fa        0x2 00
 .rodata.str1.4
                0x008067fc        0x4 d:/altera/13.0/nios2eds/bin/gnu/h-i686-mingw32/bin/../lib/gcc/nios2-elf/4.1.2/../../../../nios2-elf/lib\libc.a(lib_a-impure.o)
 .rodata        0x00806800        0xc ../test_hello_bsp/\libhal_bsp.a(alt_dev.o)
 .rodata        0x0080680c       0x10 ../test_hello_bsp/\libhal_bsp.a(alt_main.o)
 .rodata        0x0080681c       0x1c ../test_hello_bsp/\libhal_bsp.a(alt_sys_init.o)
 *(.rodata1)
                0x00806838                . = ALIGN (0x4)
                0x00806838                PROVIDE (__ram_rodata_end, ABSOLUTE (.))
                0x008067dc                PROVIDE (__flash_rodata_start, LOADADDR (.rodata))

.rwdata         0x00806838     0x1b0c load address 0x00808344
                0x00806838                PROVIDE (__ram_rwdata_start, ABSOLUTE (.))
                0x00806838                . = ALIGN (0x4)
 *(.got.plt)
 *(.got)
 *(.data1)
 *(.data .data.* .gnu.linkonce.d.*)
 .data          0x00806838        0x0 ../test_hello_bsp//obj/HAL/src/crt0.o
 .data          0x00806838        0x0 obj/default/hello_world.o
 .data          0x00806838        0x0 d:/altera/13.0/nios2eds/bin/gnu/h-i686-mingw32/bin/../lib/gcc/nios2-elf/4.1.2/../../../../nios2-elf/lib\libc.a(lib_a-putchar.o)
 .data          0x00806838        0x0 d:/altera/13.0/nios2eds/bin/gnu/h-i686-mingw32/bin/../lib/gcc/nios2-elf/4.1.2/../../../../nios2-elf/lib\libc.a(lib_a-puts.o)
 .data          0x00806838        0x0 d:/altera/13.0/nios2eds/bin/gnu/h-i686-mingw32/bin/../lib/gcc/nios2-elf/4.1.2/../../../../nios2-elf/lib\libc.a(lib_a-strlen.o)
 .data          0x00806838        0x0 d:/altera/13.0/nios2eds/bin/gnu/h-i686-mingw32/bin/../lib/gcc/nios2-elf/4.1.2/../../../../nios2-elf/lib\libc.a(lib_a-fvwrite.o)
 .data          0x00806838      0x400 d:/altera/13.0/nios2eds/bin/gnu/h-i686-mingw32/bin/../lib/gcc/nios2-elf/4.1.2/../../../../nios2-elf/lib\libc.a(lib_a-impure.o)
 .data          0x00806c38      0x408 d:/altera/13.0/nios2eds/bin/gnu/h-i686-mingw32/bin/../lib/gcc/nios2-elf/4.1.2/../../../../nios2-elf/lib\libc.a(lib_a-mallocr.o)
                0x00806c38                __malloc_av_
 .data          0x00807040        0x0 d:/altera/13.0/nios2eds/bin/gnu/h-i686-mingw32/bin/../lib/gcc/nios2-elf/4.1.2/../../../../nios2-elf/lib\libc.a(lib_a-memchr.o)
 .data          0x00807040        0x0 d:/altera/13.0/nios2eds/bin/gnu/h-i686-mingw32/bin/../lib/gcc/nios2-elf/4.1.2/../../../../nios2-elf/lib\libc.a(lib_a-memcpy.o)
 .data          0x00807040        0x0 d:/altera/13.0/nios2eds/bin/gnu/h-i686-mingw32/bin/../lib/gcc/nios2-elf/4.1.2/../../../../nios2-elf/lib\libc.a(lib_a-memmove.o)
 .data          0x00807040        0x0 d:/altera/13.0/nios2eds/bin/gnu/h-i686-mingw32/bin/../lib/gcc/nios2-elf/4.1.2/../../../../nios2-elf/lib\libc.a(lib_a-putc.o)
 .data          0x00807040        0x0 d:/altera/13.0/nios2eds/bin/gnu/h-i686-mingw32/bin/../lib/gcc/nios2-elf/4.1.2/../../../../nios2-elf/lib\libc.a(lib_a-reallocr.o)
 .data          0x00807040        0x0 d:/altera/13.0/nios2eds/bin/gnu/h-i686-mingw32/bin/../lib/gcc/nios2-elf/4.1.2/../../../../nios2-elf/lib\libc.a(lib_a-sbrkr.o)
 .data          0x00807040        0x0 d:/altera/13.0/nios2eds/bin/gnu/h-i686-mingw32/bin/../lib/gcc/nios2-elf/4.1.2/../../../../nios2-elf/lib\libc.a(lib_a-wbuf.o)
 .data          0x00807040        0x0 d:/altera/13.0/nios2eds/bin/gnu/h-i686-mingw32/bin/../lib/gcc/nios2-elf/4.1.2/../../../../nios2-elf/lib\libc.a(lib_a-wsetup.o)
 .data          0x00807040        0x0 d:/altera/13.0/nios2eds/bin/gnu/h-i686-mingw32/bin/../lib/gcc/nios2-elf/4.1.2/../../../../nios2-elf/lib\libc.a(lib_a-fflush.o)
 .data          0x00807040        0x0 d:/altera/13.0/nios2eds/bin/gnu/h-i686-mingw32/bin/../lib/gcc/nios2-elf/4.1.2/../../../../nios2-elf/lib\libc.a(lib_a-findfp.o)
 .data          0x00807040        0x0 d:/altera/13.0/nios2eds/bin/gnu/h-i686-mingw32/bin/../lib/gcc/nios2-elf/4.1.2/../../../../nios2-elf/lib\libc.a(lib_a-freer.o)
 .data          0x00807040        0x0 d:/altera/13.0/nios2eds/bin/gnu/h-i686-mingw32/bin/../lib/gcc/nios2-elf/4.1.2/../../../../nios2-elf/lib\libc.a(lib_a-fwalk.o)
 .data          0x00807040        0x0 d:/altera/13.0/nios2eds/bin/gnu/h-i686-mingw32/bin/../lib/gcc/nios2-elf/4.1.2/../../../../nios2-elf/lib\libc.a(lib_a-int_errno.o)
 .data          0x00807040        0x0 d:/altera/13.0/nios2eds/bin/gnu/h-i686-mingw32/bin/../lib/gcc/nios2-elf/4.1.2/../../../../nios2-elf/lib\libc.a(lib_a-makebuf.o)
 .data          0x00807040        0x0 d:/altera/13.0/nios2eds/bin/gnu/h-i686-mingw32/bin/../lib/gcc/nios2-elf/4.1.2/../../../../nios2-elf/lib\libc.a(lib_a-memset.o)
 .data          0x00807040        0x0 d:/altera/13.0/nios2eds/bin/gnu/h-i686-mingw32/bin/../lib/gcc/nios2-elf/4.1.2/../../../../nios2-elf/lib\libc.a(lib_a-stdio.o)
 .data          0x00807040        0x0 d:/altera/13.0/nios2eds/bin/gnu/h-i686-mingw32/bin/../lib/gcc/nios2-elf/4.1.2/../../../../nios2-elf/lib\libc.a(lib_a-writer.o)
 .data          0x00807040        0x0 d:/altera/13.0/nios2eds/bin/gnu/h-i686-mingw32/bin/../lib/gcc/nios2-elf/4.1.2/../../../../nios2-elf/lib\libc.a(lib_a-closer.o)
 .data          0x00807040        0x0 d:/altera/13.0/nios2eds/bin/gnu/h-i686-mingw32/bin/../lib/gcc/nios2-elf/4.1.2/../../../../nios2-elf/lib\libc.a(lib_a-fclose.o)
 .data          0x00807040        0x0 d:/altera/13.0/nios2eds/bin/gnu/h-i686-mingw32/bin/../lib/gcc/nios2-elf/4.1.2/../../../../nios2-elf/lib\libc.a(lib_a-fstatr.o)
 .data          0x00807040        0x0 d:/altera/13.0/nios2eds/bin/gnu/h-i686-mingw32/bin/../lib/gcc/nios2-elf/4.1.2/../../../../nios2-elf/lib\libc.a(lib_a-isattyr.o)
 .data          0x00807040        0x0 d:/altera/13.0/nios2eds/bin/gnu/h-i686-mingw32/bin/../lib/gcc/nios2-elf/4.1.2/../../../../nios2-elf/lib\libc.a(lib_a-lseekr.o)
 .data          0x00807040        0x0 d:/altera/13.0/nios2eds/bin/gnu/h-i686-mingw32/bin/../lib/gcc/nios2-elf/4.1.2/../../../../nios2-elf/lib\libc.a(lib_a-readr.o)
 .data          0x00807040        0x0 ../test_hello_bsp/\libhal_bsp.a(alt_close.o)
 .data          0x00807040      0x1a8 ../test_hello_bsp/\libhal_bsp.a(alt_dev.o)
                0x00807040                alt_dev_null
                0x00807068                alt_fd_list
 .data          0x008071e8        0x0 ../test_hello_bsp/\libhal_bsp.a(alt_errno.o)
 .data          0x008071e8        0x0 ../test_hello_bsp/\libhal_bsp.a(alt_fstat.o)
 .data          0x008071e8        0x0 ../test_hello_bsp/\libhal_bsp.a(alt_irq_register.o)
 .data          0x008071e8        0x0 ../test_hello_bsp/\libhal_bsp.a(alt_irq_vars.o)
 .data          0x008071e8        0x0 ../test_hello_bsp/\libhal_bsp.a(alt_isatty.o)
 .data          0x008071e8        0x0 ../test_hello_bsp/\libhal_bsp.a(alt_load.o)
 .data          0x008071e8        0x0 ../test_hello_bsp/\libhal_bsp.a(alt_lseek.o)
 .data          0x008071e8        0x0 ../test_hello_bsp/\libhal_bsp.a(alt_main.o)
 .data          0x008071e8        0x0 ../test_hello_bsp/\libhal_bsp.a(alt_malloc_lock.o)
 .data          0x008071e8        0x0 ../test_hello_bsp/\libhal_bsp.a(alt_read.o)
 .data          0x008071e8        0x0 ../test_hello_bsp/\libhal_bsp.a(alt_release_fd.o)
 .data          0x008071e8        0x0 ../test_hello_bsp/\libhal_bsp.a(alt_sbrk.o)
 .data          0x008071e8        0x0 ../test_hello_bsp/\libhal_bsp.a(alt_usleep.o)
 .data          0x008071e8        0x0 ../test_hello_bsp/\libhal_bsp.a(alt_write.o)
 .data          0x008071e8     0x1124 ../test_hello_bsp/\libhal_bsp.a(alt_sys_init.o)
 .data          0x0080830c        0x0 ../test_hello_bsp/\libhal_bsp.a(altera_avalon_jtag_uart_fd.o)
 .data          0x0080830c        0x0 ../test_hello_bsp/\libhal_bsp.a(altera_avalon_jtag_uart_init.o)
 .data          0x0080830c        0x0 ../test_hello_bsp/\libhal_bsp.a(altera_avalon_jtag_uart_ioctl.o)
 .data          0x0080830c        0x0 ../test_hello_bsp/\libhal_bsp.a(altera_avalon_jtag_uart_read.o)
 .data          0x0080830c        0x0 ../test_hello_bsp/\libhal_bsp.a(altera_avalon_jtag_uart_write.o)
 .data          0x0080830c        0x0 ../test_hello_bsp/\libhal_bsp.a(altera_avalon_uart_fd.o)
 .data          0x0080830c        0x0 ../test_hello_bsp/\libhal_bsp.a(altera_avalon_uart_init.o)
 .data          0x0080830c        0x0 ../test_hello_bsp/\libhal_bsp.a(altera_avalon_uart_read.o)
 .data          0x0080830c        0x0 ../test_hello_bsp/\libhal_bsp.a(altera_avalon_uart_write.o)
 .data          0x0080830c        0x0 ../test_hello_bsp/\libhal_bsp.a(alt_alarm_start.o)
 .data          0x0080830c        0x0 ../test_hello_bsp/\libhal_bsp.a(alt_busy_sleep.o)
 .data          0x0080830c        0x0 ../test_hello_bsp/\libhal_bsp.a(alt_dcache_flush_all.o)
 .data          0x0080830c        0x0 ../test_hello_bsp/\libhal_bsp.a(alt_dev_llist_insert.o)
 .data          0x0080830c        0x0 ../test_hello_bsp/\libhal_bsp.a(alt_do_ctors.o)
 .data          0x0080830c        0x0 ../test_hello_bsp/\libhal_bsp.a(alt_do_dtors.o)
 .data          0x0080830c        0x0 ../test_hello_bsp/\libhal_bsp.a(alt_icache_flush_all.o)
 .data          0x0080830c        0x0 ../test_hello_bsp/\libhal_bsp.a(alt_iic.o)
 .data          0x0080830c        0x0 ../test_hello_bsp/\libhal_bsp.a(alt_iic_isr_register.o)
 .data          0x0080830c        0x0 ../test_hello_bsp/\libhal_bsp.a(alt_io_redirect.o)
 .data          0x0080830c        0x0 ../test_hello_bsp/\libhal_bsp.a(alt_irq_entry.o)
 .data          0x0080830c        0x0 ../test_hello_bsp/\libhal_bsp.a(alt_irq_handler.o)
 .data          0x0080830c        0x0 ../test_hello_bsp/\libhal_bsp.a(alt_open.o)
 .data          0x0080830c        0x0 ../test_hello_bsp/\libhal_bsp.a(alt_tick.o)
 .data          0x0080830c        0x0 ../test_hello_bsp/\libhal_bsp.a(altera_nios2_qsys_irq.o)
 .data          0x0080830c        0x0 ../test_hello_bsp/\libhal_bsp.a(alt_exception_entry.o)
 .data          0x0080830c        0x0 ../test_hello_bsp/\libhal_bsp.a(alt_find_dev.o)
 .data          0x0080830c        0x0 ../test_hello_bsp/\libhal_bsp.a(alt_find_file.o)
 .data          0x0080830c        0x0 ../test_hello_bsp/\libhal_bsp.a(alt_get_fd.o)
 .data          0x0080830c        0x0 ../test_hello_bsp/\libhal_bsp.a(alt_icache_flush.o)
 .data          0x0080830c        0x0 d:/altera/13.0/nios2eds/bin/gnu/h-i686-mingw32/bin/../lib/gcc/nios2-elf/4.1.2/../../../../nios2-elf/lib\libc.a(lib_a-atexit.o)
 .data          0x0080830c        0x0 d:/altera/13.0/nios2eds/bin/gnu/h-i686-mingw32/bin/../lib/gcc/nios2-elf/4.1.2/../../../../nios2-elf/lib\libc.a(lib_a-exit.o)
 .data          0x0080830c        0x0 d:/altera/13.0/nios2eds/bin/gnu/h-i686-mingw32/bin/../lib/gcc/nios2-elf/4.1.2/../../../../nios2-elf/lib\libc.a(lib_a-memcmp.o)
 .data          0x0080830c        0x0 d:/altera/13.0/nios2eds/bin/gnu/h-i686-mingw32/bin/../lib/gcc/nios2-elf/4.1.2/../../../../nios2-elf/lib\libc.a(lib_a-__atexit.o)
 .data          0x0080830c        0x0 d:/altera/13.0/nios2eds/bin/gnu/h-i686-mingw32/bin/../lib/gcc/nios2-elf/4.1.2/../../../../nios2-elf/lib\libc.a(lib_a-__call_atexit.o)
 .data          0x0080830c        0x0 d:/altera/13.0/nios2eds/bin/gnu/h-i686-mingw32/bin/../lib/gcc/nios2-elf/4.1.2\libgcc.a(lib2-divmod.o)
 .data          0x0080830c        0x0 ../test_hello_bsp/\libhal_bsp.a(alt_exit.o)
                0x0081030c                _gp = ABSOLUTE ((. + 0x8000))
                0x0081030c                PROVIDE (gp, _gp)
 *(.rwdata .rwdata.*)
 *(.sdata .sdata.* .gnu.linkonce.s.*)
 .sdata         0x0080830c        0x8 d:/altera/13.0/nios2eds/bin/gnu/h-i686-mingw32/bin/../lib/gcc/nios2-elf/4.1.2/../../../../nios2-elf/lib\libc.a(lib_a-impure.o)
                0x0080830c                _impure_ptr
                0x00808310                _global_impure_ptr
 .sdata         0x00808314        0x8 d:/altera/13.0/nios2eds/bin/gnu/h-i686-mingw32/bin/../lib/gcc/nios2-elf/4.1.2/../../../../nios2-elf/lib\libc.a(lib_a-mallocr.o)
                0x00808314                __malloc_trim_threshold
                0x00808318                __malloc_sbrk_base
 .sdata         0x0080831c       0x14 ../test_hello_bsp/\libhal_bsp.a(alt_dev.o)
                0x0080831c                alt_fs_list
                0x00808324                alt_dev_list
                0x0080832c                alt_max_fd
 .sdata         0x00808330        0x4 ../test_hello_bsp/\libhal_bsp.a(alt_errno.o)
                0x00808330                alt_errno
 .sdata         0x00808334        0x4 ../test_hello_bsp/\libhal_bsp.a(alt_irq_vars.o)
                0x00808334                alt_priority_mask
 .sdata         0x00808338        0x4 ../test_hello_bsp/\libhal_bsp.a(alt_sbrk.o)
 .sdata         0x0080833c        0x8 ../test_hello_bsp/\libhal_bsp.a(alt_tick.o)
                0x0080833c                alt_alarm_list
 *(.sdata2 .sdata2.* .gnu.linkonce.s2.*)
                0x00808344                . = ALIGN (0x4)
                0x00808344                _edata = ABSOLUTE (.)
                0x00808344                PROVIDE (edata, ABSOLUTE (.))
                0x00808344                PROVIDE (__ram_rwdata_end, ABSOLUTE (.))
                0x00808344                PROVIDE (__flash_rwdata_start, LOADADDR (.rwdata))

.bss            0x00809e50      0x2e0
                0x00809e50                __bss_start = ABSOLUTE (.)
                0x00809e50                PROVIDE (__sbss_start, ABSOLUTE (.))
                0x00809e50                PROVIDE (___sbss_start, ABSOLUTE (.))
 *(.dynsbss)
 *(.sbss .sbss.* .gnu.linkonce.sb.*)
 .sbss          0x00809e50        0xc d:/altera/13.0/nios2eds/bin/gnu/h-i686-mingw32/bin/../lib/gcc/nios2-elf/4.1.2/../../../../nios2-elf/lib\libc.a(lib_a-mallocr.o)
                0x00809e50                __malloc_top_pad
                0x00809e54                __malloc_max_sbrked_mem
                0x00809e58                __malloc_max_total_mem
 .sbss          0x00809e5c        0x4 d:/altera/13.0/nios2eds/bin/gnu/h-i686-mingw32/bin/../lib/gcc/nios2-elf/4.1.2/../../../../nios2-elf/lib\libc.a(lib_a-int_errno.o)
                0x00809e5c                errno
 .sbss          0x00809e60        0x4 ../test_hello_bsp/\libhal_bsp.a(alt_irq_vars.o)
                0x00809e60                alt_irq_active
 .sbss          0x00809e64        0xc ../test_hello_bsp/\libhal_bsp.a(alt_main.o)
                0x00809e64                alt_argc
                0x00809e68                alt_argv
                0x00809e6c                alt_envp
 .sbss          0x00809e70        0x8 ../test_hello_bsp/\libhal_bsp.a(alt_tick.o)
                0x00809e70                _alt_tick_rate
                0x00809e74                _alt_nticks
 *(.sbss2 .sbss2.* .gnu.linkonce.sb2.*)
 *(.scommon)
                0x00809e78                PROVIDE (__sbss_end, ABSOLUTE (.))
                0x00809e78                PROVIDE (___sbss_end, ABSOLUTE (.))
 *(.dynbss)
 *(.bss .bss.* .gnu.linkonce.b.*)
 .bss           0x00809e78        0x0 ../test_hello_bsp//obj/HAL/src/crt0.o
 .bss           0x00809e78        0x0 obj/default/hello_world.o
 .bss           0x00809e78        0x0 d:/altera/13.0/nios2eds/bin/gnu/h-i686-mingw32/bin/../lib/gcc/nios2-elf/4.1.2/../../../../nios2-elf/lib\libc.a(lib_a-putchar.o)
 .bss           0x00809e78        0x0 d:/altera/13.0/nios2eds/bin/gnu/h-i686-mingw32/bin/../lib/gcc/nios2-elf/4.1.2/../../../../nios2-elf/lib\libc.a(lib_a-puts.o)
 .bss           0x00809e78        0x0 d:/altera/13.0/nios2eds/bin/gnu/h-i686-mingw32/bin/../lib/gcc/nios2-elf/4.1.2/../../../../nios2-elf/lib\libc.a(lib_a-strlen.o)
 .bss           0x00809e78        0x0 d:/altera/13.0/nios2eds/bin/gnu/h-i686-mingw32/bin/../lib/gcc/nios2-elf/4.1.2/../../../../nios2-elf/lib\libc.a(lib_a-fvwrite.o)
 .bss           0x00809e78        0x0 d:/altera/13.0/nios2eds/bin/gnu/h-i686-mingw32/bin/../lib/gcc/nios2-elf/4.1.2/../../../../nios2-elf/lib\libc.a(lib_a-impure.o)
 .bss           0x00809e78       0x28 d:/altera/13.0/nios2eds/bin/gnu/h-i686-mingw32/bin/../lib/gcc/nios2-elf/4.1.2/../../../../nios2-elf/lib\libc.a(lib_a-mallocr.o)
                0x00809e78                __malloc_current_mallinfo
 .bss           0x00809ea0        0x0 d:/altera/13.0/nios2eds/bin/gnu/h-i686-mingw32/bin/../lib/gcc/nios2-elf/4.1.2/../../../../nios2-elf/lib\libc.a(lib_a-memchr.o)
 .bss           0x00809ea0        0x0 d:/altera/13.0/nios2eds/bin/gnu/h-i686-mingw32/bin/../lib/gcc/nios2-elf/4.1.2/../../../../nios2-elf/lib\libc.a(lib_a-memcpy.o)
 .bss           0x00809ea0        0x0 d:/altera/13.0/nios2eds/bin/gnu/h-i686-mingw32/bin/../lib/gcc/nios2-elf/4.1.2/../../../../nios2-elf/lib\libc.a(lib_a-memmove.o)
 .bss           0x00809ea0        0x0 d:/altera/13.0/nios2eds/bin/gnu/h-i686-mingw32/bin/../lib/gcc/nios2-elf/4.1.2/../../../../nios2-elf/lib\libc.a(lib_a-putc.o)
 .bss           0x00809ea0        0x0 d:/altera/13.0/nios2eds/bin/gnu/h-i686-mingw32/bin/../lib/gcc/nios2-elf/4.1.2/../../../../nios2-elf/lib\libc.a(lib_a-reallocr.o)
 .bss           0x00809ea0        0x0 d:/altera/13.0/nios2eds/bin/gnu/h-i686-mingw32/bin/../lib/gcc/nios2-elf/4.1.2/../../../../nios2-elf/lib\libc.a(lib_a-sbrkr.o)
 .bss           0x00809ea0        0x0 d:/altera/13.0/nios2eds/bin/gnu/h-i686-mingw32/bin/../lib/gcc/nios2-elf/4.1.2/../../../../nios2-elf/lib\libc.a(lib_a-wbuf.o)
 .bss           0x00809ea0        0x0 d:/altera/13.0/nios2eds/bin/gnu/h-i686-mingw32/bin/../lib/gcc/nios2-elf/4.1.2/../../../../nios2-elf/lib\libc.a(lib_a-wsetup.o)
 .bss           0x00809ea0        0x0 d:/altera/13.0/nios2eds/bin/gnu/h-i686-mingw32/bin/../lib/gcc/nios2-elf/4.1.2/../../../../nios2-elf/lib\libc.a(lib_a-fflush.o)
 .bss           0x00809ea0        0x0 d:/altera/13.0/nios2eds/bin/gnu/h-i686-mingw32/bin/../lib/gcc/nios2-elf/4.1.2/../../../../nios2-elf/lib\libc.a(lib_a-findfp.o)
 .bss           0x00809ea0        0x0 d:/altera/13.0/nios2eds/bin/gnu/h-i686-mingw32/bin/../lib/gcc/nios2-elf/4.1.2/../../../../nios2-elf/lib\libc.a(lib_a-freer.o)
 .bss           0x00809ea0        0x0 d:/altera/13.0/nios2eds/bin/gnu/h-i686-mingw32/bin/../lib/gcc/nios2-elf/4.1.2/../../../../nios2-elf/lib\libc.a(lib_a-fwalk.o)
 .bss           0x00809ea0        0x0 d:/altera/13.0/nios2eds/bin/gnu/h-i686-mingw32/bin/../lib/gcc/nios2-elf/4.1.2/../../../../nios2-elf/lib\libc.a(lib_a-int_errno.o)
 .bss           0x00809ea0        0x0 d:/altera/13.0/nios2eds/bin/gnu/h-i686-mingw32/bin/../lib/gcc/nios2-elf/4.1.2/../../../../nios2-elf/lib\libc.a(lib_a-makebuf.o)
 .bss           0x00809ea0        0x0 d:/altera/13.0/nios2eds/bin/gnu/h-i686-mingw32/bin/../lib/gcc/nios2-elf/4.1.2/../../../../nios2-elf/lib\libc.a(lib_a-memset.o)
 .bss           0x00809ea0        0x0 d:/altera/13.0/nios2eds/bin/gnu/h-i686-mingw32/bin/../lib/gcc/nios2-elf/4.1.2/../../../../nios2-elf/lib\libc.a(lib_a-stdio.o)
 .bss           0x00809ea0        0x0 d:/altera/13.0/nios2eds/bin/gnu/h-i686-mingw32/bin/../lib/gcc/nios2-elf/4.1.2/../../../../nios2-elf/lib\libc.a(lib_a-writer.o)
 .bss           0x00809ea0        0x0 d:/altera/13.0/nios2eds/bin/gnu/h-i686-mingw32/bin/../lib/gcc/nios2-elf/4.1.2/../../../../nios2-elf/lib\libc.a(lib_a-closer.o)
 .bss           0x00809ea0        0x0 d:/altera/13.0/nios2eds/bin/gnu/h-i686-mingw32/bin/../lib/gcc/nios2-elf/4.1.2/../../../../nios2-elf/lib\libc.a(lib_a-fclose.o)
 .bss           0x00809ea0        0x0 d:/altera/13.0/nios2eds/bin/gnu/h-i686-mingw32/bin/../lib/gcc/nios2-elf/4.1.2/../../../../nios2-elf/lib\libc.a(lib_a-fstatr.o)
 .bss           0x00809ea0        0x0 d:/altera/13.0/nios2eds/bin/gnu/h-i686-mingw32/bin/../lib/gcc/nios2-elf/4.1.2/../../../../nios2-elf/lib\libc.a(lib_a-isattyr.o)
 .bss           0x00809ea0        0x0 d:/altera/13.0/nios2eds/bin/gnu/h-i686-mingw32/bin/../lib/gcc/nios2-elf/4.1.2/../../../../nios2-elf/lib\libc.a(lib_a-lseekr.o)
 .bss           0x00809ea0        0x0 d:/altera/13.0/nios2eds/bin/gnu/h-i686-mingw32/bin/../lib/gcc/nios2-elf/4.1.2/../../../../nios2-elf/lib\libc.a(lib_a-readr.o)
 .bss           0x00809ea0        0x0 ../test_hello_bsp/\libhal_bsp.a(alt_close.o)
 .bss           0x00809ea0        0x0 ../test_hello_bsp/\libhal_bsp.a(alt_dev.o)
 .bss           0x00809ea0        0x0 ../test_hello_bsp/\libhal_bsp.a(alt_errno.o)
 .bss           0x00809ea0        0x0 ../test_hello_bsp/\libhal_bsp.a(alt_fstat.o)
 .bss           0x00809ea0        0x0 ../test_hello_bsp/\libhal_bsp.a(alt_irq_register.o)
 .bss           0x00809ea0        0x0 ../test_hello_bsp/\libhal_bsp.a(alt_irq_vars.o)
 .bss           0x00809ea0        0x0 ../test_hello_bsp/\libhal_bsp.a(alt_isatty.o)
 .bss           0x00809ea0        0x0 ../test_hello_bsp/\libhal_bsp.a(alt_load.o)
 .bss           0x00809ea0        0x0 ../test_hello_bsp/\libhal_bsp.a(alt_lseek.o)
 .bss           0x00809ea0        0x0 ../test_hello_bsp/\libhal_bsp.a(alt_main.o)
 .bss           0x00809ea0        0x0 ../test_hello_bsp/\libhal_bsp.a(alt_malloc_lock.o)
 .bss           0x00809ea0        0x0 ../test_hello_bsp/\libhal_bsp.a(alt_read.o)
 .bss           0x00809ea0        0x0 ../test_hello_bsp/\libhal_bsp.a(alt_release_fd.o)
 .bss           0x00809ea0        0x0 ../test_hello_bsp/\libhal_bsp.a(alt_sbrk.o)
 .bss           0x00809ea0        0x0 ../test_hello_bsp/\libhal_bsp.a(alt_usleep.o)
 .bss           0x00809ea0        0x0 ../test_hello_bsp/\libhal_bsp.a(alt_write.o)
 .bss           0x00809ea0        0x0 ../test_hello_bsp/\libhal_bsp.a(alt_sys_init.o)
 .bss           0x00809ea0        0x0 ../test_hello_bsp/\libhal_bsp.a(altera_avalon_jtag_uart_fd.o)
 .bss           0x00809ea0        0x0 ../test_hello_bsp/\libhal_bsp.a(altera_avalon_jtag_uart_init.o)
 .bss           0x00809ea0        0x0 ../test_hello_bsp/\libhal_bsp.a(altera_avalon_jtag_uart_ioctl.o)
 .bss           0x00809ea0        0x0 ../test_hello_bsp/\libhal_bsp.a(altera_avalon_jtag_uart_read.o)
 .bss           0x00809ea0        0x0 ../test_hello_bsp/\libhal_bsp.a(altera_avalon_jtag_uart_write.o)
 .bss           0x00809ea0        0x0 ../test_hello_bsp/\libhal_bsp.a(altera_avalon_uart_fd.o)
 .bss           0x00809ea0        0x0 ../test_hello_bsp/\libhal_bsp.a(altera_avalon_uart_init.o)
 .bss           0x00809ea0        0x0 ../test_hello_bsp/\libhal_bsp.a(altera_avalon_uart_read.o)
 .bss           0x00809ea0        0x0 ../test_hello_bsp/\libhal_bsp.a(altera_avalon_uart_write.o)
 .bss           0x00809ea0        0x0 ../test_hello_bsp/\libhal_bsp.a(alt_alarm_start.o)
 .bss           0x00809ea0        0x0 ../test_hello_bsp/\libhal_bsp.a(alt_busy_sleep.o)
 .bss           0x00809ea0        0x0 ../test_hello_bsp/\libhal_bsp.a(alt_dcache_flush_all.o)
 .bss           0x00809ea0        0x0 ../test_hello_bsp/\libhal_bsp.a(alt_dev_llist_insert.o)
 .bss           0x00809ea0        0x0 ../test_hello_bsp/\libhal_bsp.a(alt_do_ctors.o)
 .bss           0x00809ea0        0x0 ../test_hello_bsp/\libhal_bsp.a(alt_do_dtors.o)
 .bss           0x00809ea0        0x0 ../test_hello_bsp/\libhal_bsp.a(alt_icache_flush_all.o)
 .bss           0x00809ea0        0x0 ../test_hello_bsp/\libhal_bsp.a(alt_iic.o)
 .bss           0x00809ea0        0x0 ../test_hello_bsp/\libhal_bsp.a(alt_iic_isr_register.o)
 .bss           0x00809ea0        0x0 ../test_hello_bsp/\libhal_bsp.a(alt_io_redirect.o)
 .bss           0x00809ea0        0x0 ../test_hello_bsp/\libhal_bsp.a(alt_irq_entry.o)
 .bss           0x00809ea0        0x0 ../test_hello_bsp/\libhal_bsp.a(alt_irq_handler.o)
 .bss           0x00809ea0        0x0 ../test_hello_bsp/\libhal_bsp.a(alt_open.o)
 .bss           0x00809ea0        0x0 ../test_hello_bsp/\libhal_bsp.a(alt_tick.o)
 .bss           0x00809ea0        0x0 ../test_hello_bsp/\libhal_bsp.a(altera_nios2_qsys_irq.o)
 .bss           0x00809ea0        0x0 ../test_hello_bsp/\libhal_bsp.a(alt_exception_entry.o)
 .bss           0x00809ea0        0x0 ../test_hello_bsp/\libhal_bsp.a(alt_find_dev.o)
 .bss           0x00809ea0        0x0 ../test_hello_bsp/\libhal_bsp.a(alt_find_file.o)
 .bss           0x00809ea0        0x0 ../test_hello_bsp/\libhal_bsp.a(alt_get_fd.o)
 .bss           0x00809ea0        0x0 ../test_hello_bsp/\libhal_bsp.a(alt_icache_flush.o)
 .bss           0x00809ea0        0x0 d:/altera/13.0/nios2eds/bin/gnu/h-i686-mingw32/bin/../lib/gcc/nios2-elf/4.1.2/../../../../nios2-elf/lib\libc.a(lib_a-atexit.o)
 .bss           0x00809ea0        0x0 d:/altera/13.0/nios2eds/bin/gnu/h-i686-mingw32/bin/../lib/gcc/nios2-elf/4.1.2/../../../../nios2-elf/lib\libc.a(lib_a-exit.o)
 .bss           0x00809ea0        0x0 d:/altera/13.0/nios2eds/bin/gnu/h-i686-mingw32/bin/../lib/gcc/nios2-elf/4.1.2/../../../../nios2-elf/lib\libc.a(lib_a-memcmp.o)
 .bss           0x00809ea0        0x0 d:/altera/13.0/nios2eds/bin/gnu/h-i686-mingw32/bin/../lib/gcc/nios2-elf/4.1.2/../../../../nios2-elf/lib\libc.a(lib_a-__atexit.o)
 .bss           0x00809ea0        0x0 d:/altera/13.0/nios2eds/bin/gnu/h-i686-mingw32/bin/../lib/gcc/nios2-elf/4.1.2/../../../../nios2-elf/lib\libc.a(lib_a-__call_atexit.o)
 .bss           0x00809ea0        0x0 d:/altera/13.0/nios2eds/bin/gnu/h-i686-mingw32/bin/../lib/gcc/nios2-elf/4.1.2\libgcc.a(lib2-divmod.o)
 .bss           0x00809ea0        0x0 ../test_hello_bsp/\libhal_bsp.a(alt_exit.o)
 *(COMMON)
 COMMON         0x00809ea0      0x100 ../test_hello_bsp/\libhal_bsp.a(alt_irq_handler.o)
                0x00809ea0                alt_irq
 COMMON         0x00809fa0      0x190 d:/altera/13.0/nios2eds/bin/gnu/h-i686-mingw32/bin/../lib/gcc/nios2-elf/4.1.2/../../../../nios2-elf/lib\libc.a(lib_a-atexit.o)
                0x00809fa0                _atexit0
                0x0080a130                . = ALIGN (0x4)
                0x0080a130                __bss_end = ABSOLUTE (.)

.sdram_controller
                0x0080a130        0x0
                0x0080a130                PROVIDE (_alt_partition_sdram_controller_start, ABSOLUTE (.))
 *(.sdram_controller. sdram_controller.*)
                0x0080a130                . = ALIGN (0x4)
                0x0080a130                PROVIDE (_alt_partition_sdram_controller_end, ABSOLUTE (.))
                0x0080a130                _end = ABSOLUTE (.)
                0x0080a130                end = ABSOLUTE (.)
                0x0080a130                __alt_stack_base = ABSOLUTE (.)
                0x0080a130                PROVIDE (_alt_partition_sdram_controller_load_addr, LOADADDR (.sdram_controller))

.stab
 *(.stab)

.stabstr
 *(.stabstr)

.stab.excl
 *(.stab.excl)

.stab.exclstr
 *(.stab.exclstr)

.stab.index
 *(.stab.index)

.stab.indexstr
 *(.stab.indexstr)

.comment        0x00000000       0x23
 *(.comment)
 .comment       0x00000000       0x23 obj/default/hello_world.o
                                 0x24 (size before relaxing)
 .comment       0x00000000       0x24 d:/altera/13.0/nios2eds/bin/gnu/h-i686-mingw32/bin/../lib/gcc/nios2-elf/4.1.2/../../../../nios2-elf/lib\libc.a(lib_a-putchar.o)
 .comment       0x00000000       0x24 d:/altera/13.0/nios2eds/bin/gnu/h-i686-mingw32/bin/../lib/gcc/nios2-elf/4.1.2/../../../../nios2-elf/lib\libc.a(lib_a-puts.o)
 .comment       0x00000000       0x24 d:/altera/13.0/nios2eds/bin/gnu/h-i686-mingw32/bin/../lib/gcc/nios2-elf/4.1.2/../../../../nios2-elf/lib\libc.a(lib_a-strlen.o)
 .comment       0x00000000       0x24 d:/altera/13.0/nios2eds/bin/gnu/h-i686-mingw32/bin/../lib/gcc/nios2-elf/4.1.2/../../../../nios2-elf/lib\libc.a(lib_a-fvwrite.o)
 .comment       0x00000000       0x24 d:/altera/13.0/nios2eds/bin/gnu/h-i686-mingw32/bin/../lib/gcc/nios2-elf/4.1.2/../../../../nios2-elf/lib\libc.a(lib_a-impure.o)
 .comment       0x00000000       0x24 d:/altera/13.0/nios2eds/bin/gnu/h-i686-mingw32/bin/../lib/gcc/nios2-elf/4.1.2/../../../../nios2-elf/lib\libc.a(lib_a-mallocr.o)
 .comment       0x00000000       0x24 d:/altera/13.0/nios2eds/bin/gnu/h-i686-mingw32/bin/../lib/gcc/nios2-elf/4.1.2/../../../../nios2-elf/lib\libc.a(lib_a-memchr.o)
 .comment       0x00000000       0x24 d:/altera/13.0/nios2eds/bin/gnu/h-i686-mingw32/bin/../lib/gcc/nios2-elf/4.1.2/../../../../nios2-elf/lib\libc.a(lib_a-memcpy.o)
 .comment       0x00000000       0x24 d:/altera/13.0/nios2eds/bin/gnu/h-i686-mingw32/bin/../lib/gcc/nios2-elf/4.1.2/../../../../nios2-elf/lib\libc.a(lib_a-memmove.o)
 .comment       0x00000000       0x24 d:/altera/13.0/nios2eds/bin/gnu/h-i686-mingw32/bin/../lib/gcc/nios2-elf/4.1.2/../../../../nios2-elf/lib\libc.a(lib_a-putc.o)
 .comment       0x00000000       0x24 d:/altera/13.0/nios2eds/bin/gnu/h-i686-mingw32/bin/../lib/gcc/nios2-elf/4.1.2/../../../../nios2-elf/lib\libc.a(lib_a-reallocr.o)
 .comment       0x00000000       0x24 d:/altera/13.0/nios2eds/bin/gnu/h-i686-mingw32/bin/../lib/gcc/nios2-elf/4.1.2/../../../../nios2-elf/lib\libc.a(lib_a-sbrkr.o)
 .comment       0x00000000       0x24 d:/altera/13.0/nios2eds/bin/gnu/h-i686-mingw32/bin/../lib/gcc/nios2-elf/4.1.2/../../../../nios2-elf/lib\libc.a(lib_a-wbuf.o)
 .comment       0x00000000       0x24 d:/altera/13.0/nios2eds/bin/gnu/h-i686-mingw32/bin/../lib/gcc/nios2-elf/4.1.2/../../../../nios2-elf/lib\libc.a(lib_a-wsetup.o)
 .comment       0x00000000       0x24 d:/altera/13.0/nios2eds/bin/gnu/h-i686-mingw32/bin/../lib/gcc/nios2-elf/4.1.2/../../../../nios2-elf/lib\libc.a(lib_a-fflush.o)
 .comment       0x00000000       0x24 d:/altera/13.0/nios2eds/bin/gnu/h-i686-mingw32/bin/../lib/gcc/nios2-elf/4.1.2/../../../../nios2-elf/lib\libc.a(lib_a-findfp.o)
 .comment       0x00000000       0x24 d:/altera/13.0/nios2eds/bin/gnu/h-i686-mingw32/bin/../lib/gcc/nios2-elf/4.1.2/../../../../nios2-elf/lib\libc.a(lib_a-freer.o)
 .comment       0x00000000       0x24 d:/altera/13.0/nios2eds/bin/gnu/h-i686-mingw32/bin/../lib/gcc/nios2-elf/4.1.2/../../../../nios2-elf/lib\libc.a(lib_a-fwalk.o)
 .comment       0x00000000       0x24 d:/altera/13.0/nios2eds/bin/gnu/h-i686-mingw32/bin/../lib/gcc/nios2-elf/4.1.2/../../../../nios2-elf/lib\libc.a(lib_a-int_errno.o)
 .comment       0x00000000       0x24 d:/altera/13.0/nios2eds/bin/gnu/h-i686-mingw32/bin/../lib/gcc/nios2-elf/4.1.2/../../../../nios2-elf/lib\libc.a(lib_a-makebuf.o)
 .comment       0x00000000       0x24 d:/altera/13.0/nios2eds/bin/gnu/h-i686-mingw32/bin/../lib/gcc/nios2-elf/4.1.2/../../../../nios2-elf/lib\libc.a(lib_a-memset.o)
 .comment       0x00000000       0x24 d:/altera/13.0/nios2eds/bin/gnu/h-i686-mingw32/bin/../lib/gcc/nios2-elf/4.1.2/../../../../nios2-elf/lib\libc.a(lib_a-stdio.o)
 .comment       0x00000000       0x24 d:/altera/13.0/nios2eds/bin/gnu/h-i686-mingw32/bin/../lib/gcc/nios2-elf/4.1.2/../../../../nios2-elf/lib\libc.a(lib_a-writer.o)
 .comment       0x00000000       0x24 d:/altera/13.0/nios2eds/bin/gnu/h-i686-mingw32/bin/../lib/gcc/nios2-elf/4.1.2/../../../../nios2-elf/lib\libc.a(lib_a-closer.o)
 .comment       0x00000000       0x24 d:/altera/13.0/nios2eds/bin/gnu/h-i686-mingw32/bin/../lib/gcc/nios2-elf/4.1.2/../../../../nios2-elf/lib\libc.a(lib_a-fclose.o)
 .comment       0x00000000       0x24 d:/altera/13.0/nios2eds/bin/gnu/h-i686-mingw32/bin/../lib/gcc/nios2-elf/4.1.2/../../../../nios2-elf/lib\libc.a(lib_a-fstatr.o)
 .comment       0x00000000       0x24 d:/altera/13.0/nios2eds/bin/gnu/h-i686-mingw32/bin/../lib/gcc/nios2-elf/4.1.2/../../../../nios2-elf/lib\libc.a(lib_a-isattyr.o)
 .comment       0x00000000       0x24 d:/altera/13.0/nios2eds/bin/gnu/h-i686-mingw32/bin/../lib/gcc/nios2-elf/4.1.2/../../../../nios2-elf/lib\libc.a(lib_a-lseekr.o)
 .comment       0x00000000       0x24 d:/altera/13.0/nios2eds/bin/gnu/h-i686-mingw32/bin/../lib/gcc/nios2-elf/4.1.2/../../../../nios2-elf/lib\libc.a(lib_a-readr.o)
 .comment       0x00000000       0x24 ../test_hello_bsp/\libhal_bsp.a(alt_close.o)
 .comment       0x00000000       0x24 ../test_hello_bsp/\libhal_bsp.a(alt_dev.o)
 .comment       0x00000000       0x24 ../test_hello_bsp/\libhal_bsp.a(alt_errno.o)
 .comment       0x00000000       0x24 ../test_hello_bsp/\libhal_bsp.a(alt_fstat.o)
 .comment       0x00000000       0x24 ../test_hello_bsp/\libhal_bsp.a(alt_irq_register.o)
 .comment       0x00000000       0x24 ../test_hello_bsp/\libhal_bsp.a(alt_irq_vars.o)
 .comment       0x00000000       0x24 ../test_hello_bsp/\libhal_bsp.a(alt_isatty.o)
 .comment       0x00000000       0x24 ../test_hello_bsp/\libhal_bsp.a(alt_load.o)
 .comment       0x00000000       0x24 ../test_hello_bsp/\libhal_bsp.a(alt_lseek.o)
 .comment       0x00000000       0x24 ../test_hello_bsp/\libhal_bsp.a(alt_main.o)
 .comment       0x00000000       0x24 ../test_hello_bsp/\libhal_bsp.a(alt_malloc_lock.o)
 .comment       0x00000000       0x24 ../test_hello_bsp/\libhal_bsp.a(alt_read.o)
 .comment       0x00000000       0x24 ../test_hello_bsp/\libhal_bsp.a(alt_release_fd.o)
 .comment       0x00000000       0x24 ../test_hello_bsp/\libhal_bsp.a(alt_sbrk.o)
 .comment       0x00000000       0x24 ../test_hello_bsp/\libhal_bsp.a(alt_usleep.o)
 .comment       0x00000000       0x24 ../test_hello_bsp/\libhal_bsp.a(alt_write.o)
 .comment       0x00000000       0x24 ../test_hello_bsp/\libhal_bsp.a(alt_sys_init.o)
 .comment       0x00000000       0x24 ../test_hello_bsp/\libhal_bsp.a(altera_avalon_jtag_uart_fd.o)
 .comment       0x00000000       0x24 ../test_hello_bsp/\libhal_bsp.a(altera_avalon_jtag_uart_init.o)
 .comment       0x00000000       0x24 ../test_hello_bsp/\libhal_bsp.a(altera_avalon_jtag_uart_ioctl.o)
 .comment       0x00000000       0x24 ../test_hello_bsp/\libhal_bsp.a(altera_avalon_jtag_uart_read.o)
 .comment       0x00000000       0x24 ../test_hello_bsp/\libhal_bsp.a(altera_avalon_jtag_uart_write.o)
 .comment       0x00000000       0x24 ../test_hello_bsp/\libhal_bsp.a(altera_avalon_uart_fd.o)
 .comment       0x00000000       0x24 ../test_hello_bsp/\libhal_bsp.a(altera_avalon_uart_init.o)
 .comment       0x00000000       0x24 ../test_hello_bsp/\libhal_bsp.a(altera_avalon_uart_read.o)
 .comment       0x00000000       0x24 ../test_hello_bsp/\libhal_bsp.a(altera_avalon_uart_write.o)
 .comment       0x00000000       0x24 ../test_hello_bsp/\libhal_bsp.a(alt_alarm_start.o)
 .comment       0x00000000       0x24 ../test_hello_bsp/\libhal_bsp.a(alt_busy_sleep.o)
 .comment       0x00000000       0x24 ../test_hello_bsp/\libhal_bsp.a(alt_dcache_flush_all.o)
 .comment       0x00000000       0x24 ../test_hello_bsp/\libhal_bsp.a(alt_dev_llist_insert.o)
 .comment       0x00000000       0x24 ../test_hello_bsp/\libhal_bsp.a(alt_do_ctors.o)
 .comment       0x00000000       0x24 ../test_hello_bsp/\libhal_bsp.a(alt_do_dtors.o)
 .comment       0x00000000       0x24 ../test_hello_bsp/\libhal_bsp.a(alt_icache_flush_all.o)
 .comment       0x00000000       0x24 ../test_hello_bsp/\libhal_bsp.a(alt_iic.o)
 .comment       0x00000000       0x24 ../test_hello_bsp/\libhal_bsp.a(alt_iic_isr_register.o)
 .comment       0x00000000       0x24 ../test_hello_bsp/\libhal_bsp.a(alt_io_redirect.o)
 .comment       0x00000000       0x24 ../test_hello_bsp/\libhal_bsp.a(alt_irq_handler.o)
 .comment       0x00000000       0x24 ../test_hello_bsp/\libhal_bsp.a(alt_open.o)
 .comment       0x00000000       0x24 ../test_hello_bsp/\libhal_bsp.a(alt_tick.o)
 .comment       0x00000000       0x24 ../test_hello_bsp/\libhal_bsp.a(altera_nios2_qsys_irq.o)
 .comment       0x00000000       0x24 ../test_hello_bsp/\libhal_bsp.a(alt_find_dev.o)
 .comment       0x00000000       0x24 ../test_hello_bsp/\libhal_bsp.a(alt_find_file.o)
 .comment       0x00000000       0x24 ../test_hello_bsp/\libhal_bsp.a(alt_get_fd.o)
 .comment       0x00000000       0x24 ../test_hello_bsp/\libhal_bsp.a(alt_icache_flush.o)
 .comment       0x00000000       0x24 d:/altera/13.0/nios2eds/bin/gnu/h-i686-mingw32/bin/../lib/gcc/nios2-elf/4.1.2/../../../../nios2-elf/lib\libc.a(lib_a-atexit.o)
 .comment       0x00000000       0x24 d:/altera/13.0/nios2eds/bin/gnu/h-i686-mingw32/bin/../lib/gcc/nios2-elf/4.1.2/../../../../nios2-elf/lib\libc.a(lib_a-exit.o)
 .comment       0x00000000       0x24 d:/altera/13.0/nios2eds/bin/gnu/h-i686-mingw32/bin/../lib/gcc/nios2-elf/4.1.2/../../../../nios2-elf/lib\libc.a(lib_a-memcmp.o)
 .comment       0x00000000       0x24 d:/altera/13.0/nios2eds/bin/gnu/h-i686-mingw32/bin/../lib/gcc/nios2-elf/4.1.2/../../../../nios2-elf/lib\libc.a(lib_a-__atexit.o)
 .comment       0x00000000       0x24 d:/altera/13.0/nios2eds/bin/gnu/h-i686-mingw32/bin/../lib/gcc/nios2-elf/4.1.2/../../../../nios2-elf/lib\libc.a(lib_a-__call_atexit.o)
 .comment       0x00000000       0x24 d:/altera/13.0/nios2eds/bin/gnu/h-i686-mingw32/bin/../lib/gcc/nios2-elf/4.1.2\libgcc.a(lib2-divmod.o)
 .comment       0x00000000       0x24 ../test_hello_bsp/\libhal_bsp.a(alt_exit.o)

.debug
 *(.debug)

.line
 *(.line)

.debug_srcinfo
 *(.debug_srcinfo)

.debug_sfnames
 *(.debug_sfnames)

.debug_aranges  0x00000000      0xa38
 *(.debug_aranges)
 .debug_aranges
                0x00000000       0x28 ../test_hello_bsp//obj/HAL/src/crt0.o
 .debug_aranges
                0x00000028       0x20 obj/default/hello_world.o
 .debug_aranges
                0x00000048       0x20 d:/altera/13.0/nios2eds/bin/gnu/h-i686-mingw32/bin/../lib/gcc/nios2-elf/4.1.2/../../../../nios2-elf/lib\libc.a(lib_a-putchar.o)
 .debug_aranges
                0x00000068       0x20 d:/altera/13.0/nios2eds/bin/gnu/h-i686-mingw32/bin/../lib/gcc/nios2-elf/4.1.2/../../../../nios2-elf/lib\libc.a(lib_a-puts.o)
 .debug_aranges
                0x00000088       0x20 d:/altera/13.0/nios2eds/bin/gnu/h-i686-mingw32/bin/../lib/gcc/nios2-elf/4.1.2/../../../../nios2-elf/lib\libc.a(lib_a-strlen.o)
 .debug_aranges
                0x000000a8       0x20 d:/altera/13.0/nios2eds/bin/gnu/h-i686-mingw32/bin/../lib/gcc/nios2-elf/4.1.2/../../../../nios2-elf/lib\libc.a(lib_a-fvwrite.o)
 .debug_aranges
                0x000000c8       0x20 d:/altera/13.0/nios2eds/bin/gnu/h-i686-mingw32/bin/../lib/gcc/nios2-elf/4.1.2/../../../../nios2-elf/lib\libc.a(lib_a-mallocr.o)
 .debug_aranges
                0x000000e8       0x20 d:/altera/13.0/nios2eds/bin/gnu/h-i686-mingw32/bin/../lib/gcc/nios2-elf/4.1.2/../../../../nios2-elf/lib\libc.a(lib_a-memchr.o)
 .debug_aranges
                0x00000108       0x20 d:/altera/13.0/nios2eds/bin/gnu/h-i686-mingw32/bin/../lib/gcc/nios2-elf/4.1.2/../../../../nios2-elf/lib\libc.a(lib_a-memcpy.o)
 .debug_aranges
                0x00000128       0x20 d:/altera/13.0/nios2eds/bin/gnu/h-i686-mingw32/bin/../lib/gcc/nios2-elf/4.1.2/../../../../nios2-elf/lib\libc.a(lib_a-memmove.o)
 .debug_aranges
                0x00000148       0x20 d:/altera/13.0/nios2eds/bin/gnu/h-i686-mingw32/bin/../lib/gcc/nios2-elf/4.1.2/../../../../nios2-elf/lib\libc.a(lib_a-putc.o)
 .debug_aranges
                0x00000168       0x20 d:/altera/13.0/nios2eds/bin/gnu/h-i686-mingw32/bin/../lib/gcc/nios2-elf/4.1.2/../../../../nios2-elf/lib\libc.a(lib_a-reallocr.o)
 .debug_aranges
                0x00000188       0x20 d:/altera/13.0/nios2eds/bin/gnu/h-i686-mingw32/bin/../lib/gcc/nios2-elf/4.1.2/../../../../nios2-elf/lib\libc.a(lib_a-sbrkr.o)
 .debug_aranges
                0x000001a8       0x20 d:/altera/13.0/nios2eds/bin/gnu/h-i686-mingw32/bin/../lib/gcc/nios2-elf/4.1.2/../../../../nios2-elf/lib\libc.a(lib_a-wbuf.o)
 .debug_aranges
                0x000001c8       0x20 d:/altera/13.0/nios2eds/bin/gnu/h-i686-mingw32/bin/../lib/gcc/nios2-elf/4.1.2/../../../../nios2-elf/lib\libc.a(lib_a-wsetup.o)
 .debug_aranges
                0x000001e8       0x20 d:/altera/13.0/nios2eds/bin/gnu/h-i686-mingw32/bin/../lib/gcc/nios2-elf/4.1.2/../../../../nios2-elf/lib\libc.a(lib_a-fflush.o)
 .debug_aranges
                0x00000208       0x20 d:/altera/13.0/nios2eds/bin/gnu/h-i686-mingw32/bin/../lib/gcc/nios2-elf/4.1.2/../../../../nios2-elf/lib\libc.a(lib_a-findfp.o)
 .debug_aranges
                0x00000228       0x20 d:/altera/13.0/nios2eds/bin/gnu/h-i686-mingw32/bin/../lib/gcc/nios2-elf/4.1.2/../../../../nios2-elf/lib\libc.a(lib_a-freer.o)
 .debug_aranges
                0x00000248       0x20 d:/altera/13.0/nios2eds/bin/gnu/h-i686-mingw32/bin/../lib/gcc/nios2-elf/4.1.2/../../../../nios2-elf/lib\libc.a(lib_a-fwalk.o)
 .debug_aranges
                0x00000268       0x20 d:/altera/13.0/nios2eds/bin/gnu/h-i686-mingw32/bin/../lib/gcc/nios2-elf/4.1.2/../../../../nios2-elf/lib\libc.a(lib_a-makebuf.o)
 .debug_aranges
                0x00000288       0x20 d:/altera/13.0/nios2eds/bin/gnu/h-i686-mingw32/bin/../lib/gcc/nios2-elf/4.1.2/../../../../nios2-elf/lib\libc.a(lib_a-memset.o)
 .debug_aranges
                0x000002a8       0x20 d:/altera/13.0/nios2eds/bin/gnu/h-i686-mingw32/bin/../lib/gcc/nios2-elf/4.1.2/../../../../nios2-elf/lib\libc.a(lib_a-stdio.o)
 .debug_aranges
                0x000002c8       0x20 d:/altera/13.0/nios2eds/bin/gnu/h-i686-mingw32/bin/../lib/gcc/nios2-elf/4.1.2/../../../../nios2-elf/lib\libc.a(lib_a-writer.o)
 .debug_aranges
                0x000002e8       0x20 d:/altera/13.0/nios2eds/bin/gnu/h-i686-mingw32/bin/../lib/gcc/nios2-elf/4.1.2/../../../../nios2-elf/lib\libc.a(lib_a-closer.o)
 .debug_aranges
                0x00000308       0x20 d:/altera/13.0/nios2eds/bin/gnu/h-i686-mingw32/bin/../lib/gcc/nios2-elf/4.1.2/../../../../nios2-elf/lib\libc.a(lib_a-fclose.o)
 .debug_aranges
                0x00000328       0x20 d:/altera/13.0/nios2eds/bin/gnu/h-i686-mingw32/bin/../lib/gcc/nios2-elf/4.1.2/../../../../nios2-elf/lib\libc.a(lib_a-fstatr.o)
 .debug_aranges
                0x00000348       0x20 d:/altera/13.0/nios2eds/bin/gnu/h-i686-mingw32/bin/../lib/gcc/nios2-elf/4.1.2/../../../../nios2-elf/lib\libc.a(lib_a-isattyr.o)
 .debug_aranges
                0x00000368       0x20 d:/altera/13.0/nios2eds/bin/gnu/h-i686-mingw32/bin/../lib/gcc/nios2-elf/4.1.2/../../../../nios2-elf/lib\libc.a(lib_a-lseekr.o)
 .debug_aranges
                0x00000388       0x20 d:/altera/13.0/nios2eds/bin/gnu/h-i686-mingw32/bin/../lib/gcc/nios2-elf/4.1.2/../../../../nios2-elf/lib\libc.a(lib_a-readr.o)
 .debug_aranges
                0x000003a8       0x20 ../test_hello_bsp/\libhal_bsp.a(alt_close.o)
 .debug_aranges
                0x000003c8       0x20 ../test_hello_bsp/\libhal_bsp.a(alt_dev.o)
 .debug_aranges
                0x000003e8       0x20 ../test_hello_bsp/\libhal_bsp.a(alt_fstat.o)
 .debug_aranges
                0x00000408       0x20 ../test_hello_bsp/\libhal_bsp.a(alt_irq_register.o)
 .debug_aranges
                0x00000428       0x20 ../test_hello_bsp/\libhal_bsp.a(alt_isatty.o)
 .debug_aranges
                0x00000448       0x20 ../test_hello_bsp/\libhal_bsp.a(alt_load.o)
 .debug_aranges
                0x00000468       0x20 ../test_hello_bsp/\libhal_bsp.a(alt_lseek.o)
 .debug_aranges
                0x00000488       0x20 ../test_hello_bsp/\libhal_bsp.a(alt_main.o)
 .debug_aranges
                0x000004a8       0x20 ../test_hello_bsp/\libhal_bsp.a(alt_malloc_lock.o)
 .debug_aranges
                0x000004c8       0x20 ../test_hello_bsp/\libhal_bsp.a(alt_read.o)
 .debug_aranges
                0x000004e8       0x20 ../test_hello_bsp/\libhal_bsp.a(alt_release_fd.o)
 .debug_aranges
                0x00000508       0x20 ../test_hello_bsp/\libhal_bsp.a(alt_sbrk.o)
 .debug_aranges
                0x00000528       0x20 ../test_hello_bsp/\libhal_bsp.a(alt_usleep.o)
 .debug_aranges
                0x00000548       0x20 ../test_hello_bsp/\libhal_bsp.a(alt_write.o)
 .debug_aranges
                0x00000568       0x20 ../test_hello_bsp/\libhal_bsp.a(alt_sys_init.o)
 .debug_aranges
                0x00000588       0x20 ../test_hello_bsp/\libhal_bsp.a(altera_avalon_jtag_uart_fd.o)
 .debug_aranges
                0x000005a8       0x20 ../test_hello_bsp/\libhal_bsp.a(altera_avalon_jtag_uart_init.o)
 .debug_aranges
                0x000005c8       0x20 ../test_hello_bsp/\libhal_bsp.a(altera_avalon_jtag_uart_ioctl.o)
 .debug_aranges
                0x000005e8       0x20 ../test_hello_bsp/\libhal_bsp.a(altera_avalon_jtag_uart_read.o)
 .debug_aranges
                0x00000608       0x20 ../test_hello_bsp/\libhal_bsp.a(altera_avalon_jtag_uart_write.o)
 .debug_aranges
                0x00000628       0x20 ../test_hello_bsp/\libhal_bsp.a(altera_avalon_uart_fd.o)
 .debug_aranges
                0x00000648       0x20 ../test_hello_bsp/\libhal_bsp.a(altera_avalon_uart_init.o)
 .debug_aranges
                0x00000668       0x20 ../test_hello_bsp/\libhal_bsp.a(altera_avalon_uart_read.o)
 .debug_aranges
                0x00000688       0x20 ../test_hello_bsp/\libhal_bsp.a(altera_avalon_uart_write.o)
 .debug_aranges
                0x000006a8       0x20 ../test_hello_bsp/\libhal_bsp.a(alt_alarm_start.o)
 .debug_aranges
                0x000006c8       0x20 ../test_hello_bsp/\libhal_bsp.a(alt_busy_sleep.o)
 .debug_aranges
                0x000006e8       0x20 ../test_hello_bsp/\libhal_bsp.a(alt_dcache_flush_all.o)
 .debug_aranges
                0x00000708       0x20 ../test_hello_bsp/\libhal_bsp.a(alt_dev_llist_insert.o)
 .debug_aranges
                0x00000728       0x20 ../test_hello_bsp/\libhal_bsp.a(alt_do_ctors.o)
 .debug_aranges
                0x00000748       0x20 ../test_hello_bsp/\libhal_bsp.a(alt_do_dtors.o)
 .debug_aranges
                0x00000768       0x20 ../test_hello_bsp/\libhal_bsp.a(alt_icache_flush_all.o)
 .debug_aranges
                0x00000788       0x20 ../test_hello_bsp/\libhal_bsp.a(alt_iic.o)
 .debug_aranges
                0x000007a8       0x20 ../test_hello_bsp/\libhal_bsp.a(alt_iic_isr_register.o)
 .debug_aranges
                0x000007c8       0x20 ../test_hello_bsp/\libhal_bsp.a(alt_io_redirect.o)
 .debug_aranges
                0x000007e8       0x30 ../test_hello_bsp/\libhal_bsp.a(alt_irq_entry.o)
 .debug_aranges
                0x00000818       0x28 ../test_hello_bsp/\libhal_bsp.a(alt_irq_handler.o)
 .debug_aranges
                0x00000840       0x20 ../test_hello_bsp/\libhal_bsp.a(alt_open.o)
 .debug_aranges
                0x00000860       0x20 ../test_hello_bsp/\libhal_bsp.a(alt_tick.o)
 .debug_aranges
                0x00000880       0x20 ../test_hello_bsp/\libhal_bsp.a(altera_nios2_qsys_irq.o)
 .debug_aranges
                0x000008a0       0x38 ../test_hello_bsp/\libhal_bsp.a(alt_exception_entry.o)
 .debug_aranges
                0x000008d8       0x20 ../test_hello_bsp/\libhal_bsp.a(alt_find_dev.o)
 .debug_aranges
                0x000008f8       0x20 ../test_hello_bsp/\libhal_bsp.a(alt_find_file.o)
 .debug_aranges
                0x00000918       0x20 ../test_hello_bsp/\libhal_bsp.a(alt_get_fd.o)
 .debug_aranges
                0x00000938       0x20 ../test_hello_bsp/\libhal_bsp.a(alt_icache_flush.o)
 .debug_aranges
                0x00000958       0x20 d:/altera/13.0/nios2eds/bin/gnu/h-i686-mingw32/bin/../lib/gcc/nios2-elf/4.1.2/../../../../nios2-elf/lib\libc.a(lib_a-atexit.o)
 .debug_aranges
                0x00000978       0x20 d:/altera/13.0/nios2eds/bin/gnu/h-i686-mingw32/bin/../lib/gcc/nios2-elf/4.1.2/../../../../nios2-elf/lib\libc.a(lib_a-exit.o)
 .debug_aranges
                0x00000998       0x20 d:/altera/13.0/nios2eds/bin/gnu/h-i686-mingw32/bin/../lib/gcc/nios2-elf/4.1.2/../../../../nios2-elf/lib\libc.a(lib_a-memcmp.o)
 .debug_aranges
                0x000009b8       0x20 d:/altera/13.0/nios2eds/bin/gnu/h-i686-mingw32/bin/../lib/gcc/nios2-elf/4.1.2/../../../../nios2-elf/lib\libc.a(lib_a-__atexit.o)
 .debug_aranges
                0x000009d8       0x20 d:/altera/13.0/nios2eds/bin/gnu/h-i686-mingw32/bin/../lib/gcc/nios2-elf/4.1.2/../../../../nios2-elf/lib\libc.a(lib_a-__call_atexit.o)
 .debug_aranges
                0x000009f8       0x20 d:/altera/13.0/nios2eds/bin/gnu/h-i686-mingw32/bin/../lib/gcc/nios2-elf/4.1.2\libgcc.a(lib2-divmod.o)
 .debug_aranges
                0x00000a18       0x20 ../test_hello_bsp/\libhal_bsp.a(alt_exit.o)

.debug_pubnames
                0x00000000      0xfa5
 *(.debug_pubnames)
 .debug_pubnames
                0x00000000       0x54 obj/default/hello_world.o
 .debug_pubnames
                0x00000054       0x2d d:/altera/13.0/nios2eds/bin/gnu/h-i686-mingw32/bin/../lib/gcc/nios2-elf/4.1.2/../../../../nios2-elf/lib\libc.a(lib_a-putchar.o)
 .debug_pubnames
                0x00000081       0x27 d:/altera/13.0/nios2eds/bin/gnu/h-i686-mingw32/bin/../lib/gcc/nios2-elf/4.1.2/../../../../nios2-elf/lib\libc.a(lib_a-puts.o)
 .debug_pubnames
                0x000000a8       0x1d d:/altera/13.0/nios2eds/bin/gnu/h-i686-mingw32/bin/../lib/gcc/nios2-elf/4.1.2/../../../../nios2-elf/lib\libc.a(lib_a-strlen.o)
 .debug_pubnames
                0x000000c5       0x23 d:/altera/13.0/nios2eds/bin/gnu/h-i686-mingw32/bin/../lib/gcc/nios2-elf/4.1.2/../../../../nios2-elf/lib\libc.a(lib_a-fvwrite.o)
 .debug_pubnames
                0x000000e8       0x39 d:/altera/13.0/nios2eds/bin/gnu/h-i686-mingw32/bin/../lib/gcc/nios2-elf/4.1.2/../../../../nios2-elf/lib\libc.a(lib_a-impure.o)
 .debug_pubnames
                0x00000121       0xce d:/altera/13.0/nios2eds/bin/gnu/h-i686-mingw32/bin/../lib/gcc/nios2-elf/4.1.2/../../../../nios2-elf/lib\libc.a(lib_a-mallocr.o)
 .debug_pubnames
                0x000001ef       0x1d d:/altera/13.0/nios2eds/bin/gnu/h-i686-mingw32/bin/../lib/gcc/nios2-elf/4.1.2/../../../../nios2-elf/lib\libc.a(lib_a-memchr.o)
 .debug_pubnames
                0x0000020c       0x1d d:/altera/13.0/nios2eds/bin/gnu/h-i686-mingw32/bin/../lib/gcc/nios2-elf/4.1.2/../../../../nios2-elf/lib\libc.a(lib_a-memcpy.o)
 .debug_pubnames
                0x00000229       0x1e d:/altera/13.0/nios2eds/bin/gnu/h-i686-mingw32/bin/../lib/gcc/nios2-elf/4.1.2/../../../../nios2-elf/lib\libc.a(lib_a-memmove.o)
 .debug_pubnames
                0x00000247       0x27 d:/altera/13.0/nios2eds/bin/gnu/h-i686-mingw32/bin/../lib/gcc/nios2-elf/4.1.2/../../../../nios2-elf/lib\libc.a(lib_a-putc.o)
 .debug_pubnames
                0x0000026e       0x21 d:/altera/13.0/nios2eds/bin/gnu/h-i686-mingw32/bin/../lib/gcc/nios2-elf/4.1.2/../../../../nios2-elf/lib\libc.a(lib_a-reallocr.o)
 .debug_pubnames
                0x0000028f       0x1e d:/altera/13.0/nios2eds/bin/gnu/h-i686-mingw32/bin/../lib/gcc/nios2-elf/4.1.2/../../../../nios2-elf/lib\libc.a(lib_a-sbrkr.o)
 .debug_pubnames
                0x000002ad       0x2c d:/altera/13.0/nios2eds/bin/gnu/h-i686-mingw32/bin/../lib/gcc/nios2-elf/4.1.2/../../../../nios2-elf/lib\libc.a(lib_a-wbuf.o)
 .debug_pubnames
                0x000002d9       0x22 d:/altera/13.0/nios2eds/bin/gnu/h-i686-mingw32/bin/../lib/gcc/nios2-elf/4.1.2/../../../../nios2-elf/lib\libc.a(lib_a-wsetup.o)
 .debug_pubnames
                0x000002fb       0x2b d:/altera/13.0/nios2eds/bin/gnu/h-i686-mingw32/bin/../lib/gcc/nios2-elf/4.1.2/../../../../nios2-elf/lib\libc.a(lib_a-fflush.o)
 .debug_pubnames
                0x00000326       0xdb d:/altera/13.0/nios2eds/bin/gnu/h-i686-mingw32/bin/../lib/gcc/nios2-elf/4.1.2/../../../../nios2-elf/lib\libc.a(lib_a-findfp.o)
 .debug_pubnames
                0x00000401       0x31 d:/altera/13.0/nios2eds/bin/gnu/h-i686-mingw32/bin/../lib/gcc/nios2-elf/4.1.2/../../../../nios2-elf/lib\libc.a(lib_a-freer.o)
 .debug_pubnames
                0x00000432       0x2e d:/altera/13.0/nios2eds/bin/gnu/h-i686-mingw32/bin/../lib/gcc/nios2-elf/4.1.2/../../../../nios2-elf/lib\libc.a(lib_a-fwalk.o)
 .debug_pubnames
                0x00000460       0x1c d:/altera/13.0/nios2eds/bin/gnu/h-i686-mingw32/bin/../lib/gcc/nios2-elf/4.1.2/../../../../nios2-elf/lib\libc.a(lib_a-int_errno.o)
 .debug_pubnames
                0x0000047c       0x23 d:/altera/13.0/nios2eds/bin/gnu/h-i686-mingw32/bin/../lib/gcc/nios2-elf/4.1.2/../../../../nios2-elf/lib\libc.a(lib_a-makebuf.o)
 .debug_pubnames
                0x0000049f       0x1d d:/altera/13.0/nios2eds/bin/gnu/h-i686-mingw32/bin/../lib/gcc/nios2-elf/4.1.2/../../../../nios2-elf/lib\libc.a(lib_a-memset.o)
 .debug_pubnames
                0x000004bc       0x44 d:/altera/13.0/nios2eds/bin/gnu/h-i686-mingw32/bin/../lib/gcc/nios2-elf/4.1.2/../../../../nios2-elf/lib\libc.a(lib_a-stdio.o)
 .debug_pubnames
                0x00000500       0x1f d:/altera/13.0/nios2eds/bin/gnu/h-i686-mingw32/bin/../lib/gcc/nios2-elf/4.1.2/../../../../nios2-elf/lib\libc.a(lib_a-writer.o)
 .debug_pubnames
                0x0000051f       0x1f d:/altera/13.0/nios2eds/bin/gnu/h-i686-mingw32/bin/../lib/gcc/nios2-elf/4.1.2/../../../../nios2-elf/lib\libc.a(lib_a-closer.o)
 .debug_pubnames
                0x0000053e       0x2b d:/altera/13.0/nios2eds/bin/gnu/h-i686-mingw32/bin/../lib/gcc/nios2-elf/4.1.2/../../../../nios2-elf/lib\libc.a(lib_a-fclose.o)
 .debug_pubnames
                0x00000569       0x1f d:/altera/13.0/nios2eds/bin/gnu/h-i686-mingw32/bin/../lib/gcc/nios2-elf/4.1.2/../../../../nios2-elf/lib\libc.a(lib_a-fstatr.o)
 .debug_pubnames
                0x00000588       0x20 d:/altera/13.0/nios2eds/bin/gnu/h-i686-mingw32/bin/../lib/gcc/nios2-elf/4.1.2/../../../../nios2-elf/lib\libc.a(lib_a-isattyr.o)
 .debug_pubnames
                0x000005a8       0x1f d:/altera/13.0/nios2eds/bin/gnu/h-i686-mingw32/bin/../lib/gcc/nios2-elf/4.1.2/../../../../nios2-elf/lib\libc.a(lib_a-lseekr.o)
 .debug_pubnames
                0x000005c7       0x1e d:/altera/13.0/nios2eds/bin/gnu/h-i686-mingw32/bin/../lib/gcc/nios2-elf/4.1.2/../../../../nios2-elf/lib\libc.a(lib_a-readr.o)
 .debug_pubnames
                0x000005e5       0x1c ../test_hello_bsp/\libhal_bsp.a(alt_close.o)
 .debug_pubnames
                0x00000601       0x63 ../test_hello_bsp/\libhal_bsp.a(alt_dev.o)
 .debug_pubnames
                0x00000664       0x20 ../test_hello_bsp/\libhal_bsp.a(alt_errno.o)
 .debug_pubnames
                0x00000684       0x1c ../test_hello_bsp/\libhal_bsp.a(alt_fstat.o)
 .debug_pubnames
                0x000006a0       0x27 ../test_hello_bsp/\libhal_bsp.a(alt_irq_register.o)
 .debug_pubnames
                0x000006c7       0x3b ../test_hello_bsp/\libhal_bsp.a(alt_irq_vars.o)
 .debug_pubnames
                0x00000702       0x1d ../test_hello_bsp/\libhal_bsp.a(alt_isatty.o)
 .debug_pubnames
                0x0000071f       0x1f ../test_hello_bsp/\libhal_bsp.a(alt_load.o)
 .debug_pubnames
                0x0000073e       0x1c ../test_hello_bsp/\libhal_bsp.a(alt_lseek.o)
 .debug_pubnames
                0x0000075a       0x46 ../test_hello_bsp/\libhal_bsp.a(alt_main.o)
 .debug_pubnames
                0x000007a0       0x38 ../test_hello_bsp/\libhal_bsp.a(alt_malloc_lock.o)
 .debug_pubnames
                0x000007d8       0x1b ../test_hello_bsp/\libhal_bsp.a(alt_read.o)
 .debug_pubnames
                0x000007f3       0x25 ../test_hello_bsp/\libhal_bsp.a(alt_release_fd.o)
 .debug_pubnames
                0x00000818       0x1b ../test_hello_bsp/\libhal_bsp.a(alt_sbrk.o)
 .debug_pubnames
                0x00000833       0x1d ../test_hello_bsp/\libhal_bsp.a(alt_usleep.o)
 .debug_pubnames
                0x00000850       0x1c ../test_hello_bsp/\libhal_bsp.a(alt_write.o)
 .debug_pubnames
                0x0000086c       0x34 ../test_hello_bsp/\libhal_bsp.a(alt_sys_init.o)
 .debug_pubnames
                0x000008a0       0xa5 ../test_hello_bsp/\libhal_bsp.a(altera_avalon_jtag_uart_fd.o)
 .debug_pubnames
                0x00000945       0x55 ../test_hello_bsp/\libhal_bsp.a(altera_avalon_jtag_uart_init.o)
 .debug_pubnames
                0x0000099a       0x34 ../test_hello_bsp/\libhal_bsp.a(altera_avalon_jtag_uart_ioctl.o)
 .debug_pubnames
                0x000009ce       0x33 ../test_hello_bsp/\libhal_bsp.a(altera_avalon_jtag_uart_read.o)
 .debug_pubnames
                0x00000a01       0x34 ../test_hello_bsp/\libhal_bsp.a(altera_avalon_jtag_uart_write.o)
 .debug_pubnames
                0x00000a35       0x71 ../test_hello_bsp/\libhal_bsp.a(altera_avalon_uart_fd.o)
 .debug_pubnames
                0x00000aa6       0x4b ../test_hello_bsp/\libhal_bsp.a(altera_avalon_uart_init.o)
 .debug_pubnames
                0x00000af1       0x2e ../test_hello_bsp/\libhal_bsp.a(altera_avalon_uart_read.o)
 .debug_pubnames
                0x00000b1f       0x2f ../test_hello_bsp/\libhal_bsp.a(altera_avalon_uart_write.o)
 .debug_pubnames
                0x00000b4e       0x26 ../test_hello_bsp/\libhal_bsp.a(alt_alarm_start.o)
 .debug_pubnames
                0x00000b74       0x25 ../test_hello_bsp/\libhal_bsp.a(alt_busy_sleep.o)
 .debug_pubnames
                0x00000b99       0x2b ../test_hello_bsp/\libhal_bsp.a(alt_dcache_flush_all.o)
 .debug_pubnames
                0x00000bc4       0x2b ../test_hello_bsp/\libhal_bsp.a(alt_dev_llist_insert.o)
 .debug_pubnames
                0x00000bef       0x20 ../test_hello_bsp/\libhal_bsp.a(alt_do_ctors.o)
 .debug_pubnames
                0x00000c0f       0x20 ../test_hello_bsp/\libhal_bsp.a(alt_do_dtors.o)
 .debug_pubnames
                0x00000c2f       0x2b ../test_hello_bsp/\libhal_bsp.a(alt_icache_flush_all.o)
 .debug_pubnames
                0x00000c5a       0x6e ../test_hello_bsp/\libhal_bsp.a(alt_iic.o)
 .debug_pubnames
                0x00000cc8       0x2b ../test_hello_bsp/\libhal_bsp.a(alt_iic_isr_register.o)
 .debug_pubnames
                0x00000cf3       0x26 ../test_hello_bsp/\libhal_bsp.a(alt_io_redirect.o)
 .debug_pubnames
                0x00000d19       0x32 ../test_hello_bsp/\libhal_bsp.a(alt_irq_handler.o)
 .debug_pubnames
                0x00000d4b       0x1b ../test_hello_bsp/\libhal_bsp.a(alt_open.o)
 .debug_pubnames
                0x00000d66       0x68 ../test_hello_bsp/\libhal_bsp.a(alt_tick.o)
 .debug_pubnames
                0x00000dce       0x31 ../test_hello_bsp/\libhal_bsp.a(altera_nios2_qsys_irq.o)
 .debug_pubnames
                0x00000dff       0x23 ../test_hello_bsp/\libhal_bsp.a(alt_find_dev.o)
 .debug_pubnames
                0x00000e22       0x24 ../test_hello_bsp/\libhal_bsp.a(alt_find_file.o)
 .debug_pubnames
                0x00000e46       0x21 ../test_hello_bsp/\libhal_bsp.a(alt_get_fd.o)
 .debug_pubnames
                0x00000e67       0x27 ../test_hello_bsp/\libhal_bsp.a(alt_icache_flush.o)
 .debug_pubnames
                0x00000e8e       0x2a d:/altera/13.0/nios2eds/bin/gnu/h-i686-mingw32/bin/../lib/gcc/nios2-elf/4.1.2/../../../../nios2-elf/lib\libc.a(lib_a-atexit.o)
 .debug_pubnames
                0x00000eb8       0x1b d:/altera/13.0/nios2eds/bin/gnu/h-i686-mingw32/bin/../lib/gcc/nios2-elf/4.1.2/../../../../nios2-elf/lib\libc.a(lib_a-exit.o)
 .debug_pubnames
                0x00000ed3       0x1d d:/altera/13.0/nios2eds/bin/gnu/h-i686-mingw32/bin/../lib/gcc/nios2-elf/4.1.2/../../../../nios2-elf/lib\libc.a(lib_a-memcmp.o)
 .debug_pubnames
                0x00000ef0       0x2a d:/altera/13.0/nios2eds/bin/gnu/h-i686-mingw32/bin/../lib/gcc/nios2-elf/4.1.2/../../../../nios2-elf/lib\libc.a(lib_a-__atexit.o)
 .debug_pubnames
                0x00000f1a       0x27 d:/altera/13.0/nios2eds/bin/gnu/h-i686-mingw32/bin/../lib/gcc/nios2-elf/4.1.2/../../../../nios2-elf/lib\libc.a(lib_a-__call_atexit.o)
 .debug_pubnames
                0x00000f41       0x48 d:/altera/13.0/nios2eds/bin/gnu/h-i686-mingw32/bin/../lib/gcc/nios2-elf/4.1.2\libgcc.a(lib2-divmod.o)
 .debug_pubnames
                0x00000f89       0x1c ../test_hello_bsp/\libhal_bsp.a(alt_exit.o)

.debug_info     0x00000000    0x1cd92
 *(.debug_info .gnu.linkonce.wi.*)
 .debug_info    0x00000000       0x61 ../test_hello_bsp//obj/HAL/src/crt0.o
 .debug_info    0x00000061      0x229 obj/default/hello_world.o
 .debug_info    0x0000028a      0x972 d:/altera/13.0/nios2eds/bin/gnu/h-i686-mingw32/bin/../lib/gcc/nios2-elf/4.1.2/../../../../nios2-elf/lib\libc.a(lib_a-putchar.o)
 .debug_info    0x00000bfc      0xa25 d:/altera/13.0/nios2eds/bin/gnu/h-i686-mingw32/bin/../lib/gcc/nios2-elf/4.1.2/../../../../nios2-elf/lib\libc.a(lib_a-puts.o)
 .debug_info    0x00001621       0xdb d:/altera/13.0/nios2eds/bin/gnu/h-i686-mingw32/bin/../lib/gcc/nios2-elf/4.1.2/../../../../nios2-elf/lib\libc.a(lib_a-strlen.o)
 .debug_info    0x000016fc      0xa88 d:/altera/13.0/nios2eds/bin/gnu/h-i686-mingw32/bin/../lib/gcc/nios2-elf/4.1.2/../../../../nios2-elf/lib\libc.a(lib_a-fvwrite.o)
 .debug_info    0x00002184      0x93d d:/altera/13.0/nios2eds/bin/gnu/h-i686-mingw32/bin/../lib/gcc/nios2-elf/4.1.2/../../../../nios2-elf/lib\libc.a(lib_a-impure.o)
 .debug_info    0x00002ac1      0xcd0 d:/altera/13.0/nios2eds/bin/gnu/h-i686-mingw32/bin/../lib/gcc/nios2-elf/4.1.2/../../../../nios2-elf/lib\libc.a(lib_a-mallocr.o)
 .debug_info    0x00003791      0x138 d:/altera/13.0/nios2eds/bin/gnu/h-i686-mingw32/bin/../lib/gcc/nios2-elf/4.1.2/../../../../nios2-elf/lib\libc.a(lib_a-memchr.o)
 .debug_info    0x000038c9      0x106 d:/altera/13.0/nios2eds/bin/gnu/h-i686-mingw32/bin/../lib/gcc/nios2-elf/4.1.2/../../../../nios2-elf/lib\libc.a(lib_a-memcpy.o)
 .debug_info    0x000039cf      0x13e d:/altera/13.0/nios2eds/bin/gnu/h-i686-mingw32/bin/../lib/gcc/nios2-elf/4.1.2/../../../../nios2-elf/lib\libc.a(lib_a-memmove.o)
 .debug_info    0x00003b0d      0x9c1 d:/altera/13.0/nios2eds/bin/gnu/h-i686-mingw32/bin/../lib/gcc/nios2-elf/4.1.2/../../../../nios2-elf/lib\libc.a(lib_a-putc.o)
 .debug_info    0x000044ce      0xbd7 d:/altera/13.0/nios2eds/bin/gnu/h-i686-mingw32/bin/../lib/gcc/nios2-elf/4.1.2/../../../../nios2-elf/lib\libc.a(lib_a-reallocr.o)
 .debug_info    0x000050a5      0x962 d:/altera/13.0/nios2eds/bin/gnu/h-i686-mingw32/bin/../lib/gcc/nios2-elf/4.1.2/../../../../nios2-elf/lib\libc.a(lib_a-sbrkr.o)
 .debug_info    0x00005a07      0x9ae d:/altera/13.0/nios2eds/bin/gnu/h-i686-mingw32/bin/../lib/gcc/nios2-elf/4.1.2/../../../../nios2-elf/lib\libc.a(lib_a-wbuf.o)
 .debug_info    0x000063b5      0x95d d:/altera/13.0/nios2eds/bin/gnu/h-i686-mingw32/bin/../lib/gcc/nios2-elf/4.1.2/../../../../nios2-elf/lib\libc.a(lib_a-wsetup.o)
 .debug_info    0x00006d12      0x9fe d:/altera/13.0/nios2eds/bin/gnu/h-i686-mingw32/bin/../lib/gcc/nios2-elf/4.1.2/../../../../nios2-elf/lib\libc.a(lib_a-fflush.o)
 .debug_info    0x00007710      0xb72 d:/altera/13.0/nios2eds/bin/gnu/h-i686-mingw32/bin/../lib/gcc/nios2-elf/4.1.2/../../../../nios2-elf/lib\libc.a(lib_a-findfp.o)
 .debug_info    0x00008282      0xbc9 d:/altera/13.0/nios2eds/bin/gnu/h-i686-mingw32/bin/../lib/gcc/nios2-elf/4.1.2/../../../../nios2-elf/lib\libc.a(lib_a-freer.o)
 .debug_info    0x00008e4b      0xaed d:/altera/13.0/nios2eds/bin/gnu/h-i686-mingw32/bin/../lib/gcc/nios2-elf/4.1.2/../../../../nios2-elf/lib\libc.a(lib_a-fwalk.o)
 .debug_info    0x00009938       0x8c d:/altera/13.0/nios2eds/bin/gnu/h-i686-mingw32/bin/../lib/gcc/nios2-elf/4.1.2/../../../../nios2-elf/lib\libc.a(lib_a-int_errno.o)
 .debug_info    0x000099c4      0xb1a d:/altera/13.0/nios2eds/bin/gnu/h-i686-mingw32/bin/../lib/gcc/nios2-elf/4.1.2/../../../../nios2-elf/lib\libc.a(lib_a-makebuf.o)
 .debug_info    0x0000a4de      0x113 d:/altera/13.0/nios2eds/bin/gnu/h-i686-mingw32/bin/../lib/gcc/nios2-elf/4.1.2/../../../../nios2-elf/lib\libc.a(lib_a-memset.o)
 .debug_info    0x0000a5f1      0xaac d:/altera/13.0/nios2eds/bin/gnu/h-i686-mingw32/bin/../lib/gcc/nios2-elf/4.1.2/../../../../nios2-elf/lib\libc.a(lib_a-stdio.o)
 .debug_info    0x0000b09d      0x993 d:/altera/13.0/nios2eds/bin/gnu/h-i686-mingw32/bin/../lib/gcc/nios2-elf/4.1.2/../../../../nios2-elf/lib\libc.a(lib_a-writer.o)
 .debug_info    0x0000ba30      0x958 d:/altera/13.0/nios2eds/bin/gnu/h-i686-mingw32/bin/../lib/gcc/nios2-elf/4.1.2/../../../../nios2-elf/lib\libc.a(lib_a-closer.o)
 .debug_info    0x0000c388      0x994 d:/altera/13.0/nios2eds/bin/gnu/h-i686-mingw32/bin/../lib/gcc/nios2-elf/4.1.2/../../../../nios2-elf/lib\libc.a(lib_a-fclose.o)
 .debug_info    0x0000cd1c      0xafc d:/altera/13.0/nios2eds/bin/gnu/h-i686-mingw32/bin/../lib/gcc/nios2-elf/4.1.2/../../../../nios2-elf/lib\libc.a(lib_a-fstatr.o)
 .debug_info    0x0000d818      0x958 d:/altera/13.0/nios2eds/bin/gnu/h-i686-mingw32/bin/../lib/gcc/nios2-elf/4.1.2/../../../../nios2-elf/lib\libc.a(lib_a-isattyr.o)
 .debug_info    0x0000e170      0x981 d:/altera/13.0/nios2eds/bin/gnu/h-i686-mingw32/bin/../lib/gcc/nios2-elf/4.1.2/../../../../nios2-elf/lib\libc.a(lib_a-lseekr.o)
 .debug_info    0x0000eaf1      0x98c d:/altera/13.0/nios2eds/bin/gnu/h-i686-mingw32/bin/../lib/gcc/nios2-elf/4.1.2/../../../../nios2-elf/lib\libc.a(lib_a-readr.o)
 .debug_info    0x0000f47d      0x44d ../test_hello_bsp/\libhal_bsp.a(alt_close.o)
 .debug_info    0x0000f8ca      0x665 ../test_hello_bsp/\libhal_bsp.a(alt_dev.o)
 .debug_info    0x0000ff2f      0x14a ../test_hello_bsp/\libhal_bsp.a(alt_errno.o)
 .debug_info    0x00010079      0x646 ../test_hello_bsp/\libhal_bsp.a(alt_fstat.o)
 .debug_info    0x000106bf      0x410 ../test_hello_bsp/\libhal_bsp.a(alt_irq_register.o)
 .debug_info    0x00010acf      0x14d ../test_hello_bsp/\libhal_bsp.a(alt_irq_vars.o)
 .debug_info    0x00010c1c      0x64c ../test_hello_bsp/\libhal_bsp.a(alt_isatty.o)
 .debug_info    0x00011268      0x273 ../test_hello_bsp/\libhal_bsp.a(alt_load.o)
 .debug_info    0x000114db      0x480 ../test_hello_bsp/\libhal_bsp.a(alt_lseek.o)
 .debug_info    0x0001195b      0x20b ../test_hello_bsp/\libhal_bsp.a(alt_main.o)
 .debug_info    0x00011b66      0xbfe ../test_hello_bsp/\libhal_bsp.a(alt_malloc_lock.o)
 .debug_info    0x00012764      0x670 ../test_hello_bsp/\libhal_bsp.a(alt_read.o)
 .debug_info    0x00012dd4      0x3d8 ../test_hello_bsp/\libhal_bsp.a(alt_release_fd.o)
 .debug_info    0x000131ac      0x29d ../test_hello_bsp/\libhal_bsp.a(alt_sbrk.o)
 .debug_info    0x00013449      0x14e ../test_hello_bsp/\libhal_bsp.a(alt_usleep.o)
 .debug_info    0x00013597      0x679 ../test_hello_bsp/\libhal_bsp.a(alt_write.o)
 .debug_info    0x00013c10      0x819 ../test_hello_bsp/\libhal_bsp.a(alt_sys_init.o)
 .debug_info    0x00014429      0x7bf ../test_hello_bsp/\libhal_bsp.a(altera_avalon_jtag_uart_fd.o)
 .debug_info    0x00014be8      0x5e7 ../test_hello_bsp/\libhal_bsp.a(altera_avalon_jtag_uart_init.o)
 .debug_info    0x000151cf      0x429 ../test_hello_bsp/\libhal_bsp.a(altera_avalon_jtag_uart_ioctl.o)
 .debug_info    0x000155f8      0x52c ../test_hello_bsp/\libhal_bsp.a(altera_avalon_jtag_uart_read.o)
 .debug_info    0x00015b24      0x524 ../test_hello_bsp/\libhal_bsp.a(altera_avalon_jtag_uart_write.o)
 .debug_info    0x00016048      0x622 ../test_hello_bsp/\libhal_bsp.a(altera_avalon_uart_fd.o)
 .debug_info    0x0001666a      0x4f4 ../test_hello_bsp/\libhal_bsp.a(altera_avalon_uart_init.o)
 .debug_info    0x00016b5e      0x4a8 ../test_hello_bsp/\libhal_bsp.a(altera_avalon_uart_read.o)
 .debug_info    0x00017006      0x4a6 ../test_hello_bsp/\libhal_bsp.a(altera_avalon_uart_write.o)
 .debug_info    0x000174ac      0x428 ../test_hello_bsp/\libhal_bsp.a(alt_alarm_start.o)
 .debug_info    0x000178d4      0x191 ../test_hello_bsp/\libhal_bsp.a(alt_busy_sleep.o)
 .debug_info    0x00017a65      0x155 ../test_hello_bsp/\libhal_bsp.a(alt_dcache_flush_all.o)
 .debug_info    0x00017bba      0x29d ../test_hello_bsp/\libhal_bsp.a(alt_dev_llist_insert.o)
 .debug_info    0x00017e57       0xf5 ../test_hello_bsp/\libhal_bsp.a(alt_do_ctors.o)
 .debug_info    0x00017f4c       0xf4 ../test_hello_bsp/\libhal_bsp.a(alt_do_dtors.o)
 .debug_info    0x00018040      0x142 ../test_hello_bsp/\libhal_bsp.a(alt_icache_flush_all.o)
 .debug_info    0x00018182      0x479 ../test_hello_bsp/\libhal_bsp.a(alt_iic.o)
 .debug_info    0x000185fb      0x2fa ../test_hello_bsp/\libhal_bsp.a(alt_iic_isr_register.o)
 .debug_info    0x000188f5      0x67b ../test_hello_bsp/\libhal_bsp.a(alt_io_redirect.o)
 .debug_info    0x00018f70       0x6a ../test_hello_bsp/\libhal_bsp.a(alt_irq_entry.o)
 .debug_info    0x00018fda      0x25b ../test_hello_bsp/\libhal_bsp.a(alt_irq_handler.o)
 .debug_info    0x00019235      0x50b ../test_hello_bsp/\libhal_bsp.a(alt_open.o)
 .debug_info    0x00019740      0x3e4 ../test_hello_bsp/\libhal_bsp.a(alt_tick.o)
 .debug_info    0x00019b24      0x149 ../test_hello_bsp/\libhal_bsp.a(altera_nios2_qsys_irq.o)
 .debug_info    0x00019c6d       0x70 ../test_hello_bsp/\libhal_bsp.a(alt_exception_entry.o)
 .debug_info    0x00019cdd      0x3fe ../test_hello_bsp/\libhal_bsp.a(alt_find_dev.o)
 .debug_info    0x0001a0db      0x405 ../test_hello_bsp/\libhal_bsp.a(alt_find_file.o)
 .debug_info    0x0001a4e0      0x446 ../test_hello_bsp/\libhal_bsp.a(alt_get_fd.o)
 .debug_info    0x0001a926      0x18a ../test_hello_bsp/\libhal_bsp.a(alt_icache_flush.o)
 .debug_info    0x0001aab0      0x181 d:/altera/13.0/nios2eds/bin/gnu/h-i686-mingw32/bin/../lib/gcc/nios2-elf/4.1.2/../../../../nios2-elf/lib\libc.a(lib_a-atexit.o)
 .debug_info    0x0001ac31      0x93f d:/altera/13.0/nios2eds/bin/gnu/h-i686-mingw32/bin/../lib/gcc/nios2-elf/4.1.2/../../../../nios2-elf/lib\libc.a(lib_a-exit.o)
 .debug_info    0x0001b570      0x115 d:/altera/13.0/nios2eds/bin/gnu/h-i686-mingw32/bin/../lib/gcc/nios2-elf/4.1.2/../../../../nios2-elf/lib\libc.a(lib_a-memcmp.o)
 .debug_info    0x0001b685      0x99c d:/altera/13.0/nios2eds/bin/gnu/h-i686-mingw32/bin/../lib/gcc/nios2-elf/4.1.2/../../../../nios2-elf/lib\libc.a(lib_a-__atexit.o)
 .debug_info    0x0001c021      0x9e2 d:/altera/13.0/nios2eds/bin/gnu/h-i686-mingw32/bin/../lib/gcc/nios2-elf/4.1.2/../../../../nios2-elf/lib\libc.a(lib_a-__call_atexit.o)
 .debug_info    0x0001ca03      0x21c d:/altera/13.0/nios2eds/bin/gnu/h-i686-mingw32/bin/../lib/gcc/nios2-elf/4.1.2\libgcc.a(lib2-divmod.o)
 .debug_info    0x0001cc1f      0x173 ../test_hello_bsp/\libhal_bsp.a(alt_exit.o)

.debug_abbrev   0x00000000     0x5b20
 *(.debug_abbrev)
 .debug_abbrev  0x00000000       0x12 ../test_hello_bsp//obj/HAL/src/crt0.o
 .debug_abbrev  0x00000012       0xa4 obj/default/hello_world.o
 .debug_abbrev  0x000000b6      0x170 d:/altera/13.0/nios2eds/bin/gnu/h-i686-mingw32/bin/../lib/gcc/nios2-elf/4.1.2/../../../../nios2-elf/lib\libc.a(lib_a-putchar.o)
 .debug_abbrev  0x00000226      0x1ac d:/altera/13.0/nios2eds/bin/gnu/h-i686-mingw32/bin/../lib/gcc/nios2-elf/4.1.2/../../../../nios2-elf/lib\libc.a(lib_a-puts.o)
 .debug_abbrev  0x000003d2       0x8b d:/altera/13.0/nios2eds/bin/gnu/h-i686-mingw32/bin/../lib/gcc/nios2-elf/4.1.2/../../../../nios2-elf/lib\libc.a(lib_a-strlen.o)
 .debug_abbrev  0x0000045d      0x1a3 d:/altera/13.0/nios2eds/bin/gnu/h-i686-mingw32/bin/../lib/gcc/nios2-elf/4.1.2/../../../../nios2-elf/lib\libc.a(lib_a-fvwrite.o)
 .debug_abbrev  0x00000600      0x157 d:/altera/13.0/nios2eds/bin/gnu/h-i686-mingw32/bin/../lib/gcc/nios2-elf/4.1.2/../../../../nios2-elf/lib\libc.a(lib_a-impure.o)